Archive member included to satisfy reference by file (symbol)

G:\My Drive\1. EIT Digital master\Estland\Semester 1\ML for ES\IAS0360_lab_excercises\Lab_08\Lab8_1_STM32_MNIST\Middlewares\ST\AI\Lib/NetworkRuntime520_CM4_GCC.a(ai_platform_interface.o)
                              Src/network.o (ai_platform_runtime_get_revision)
G:\My Drive\1. EIT Digital master\Estland\Semester 1\ML for ES\IAS0360_lab_excercises\Lab_08\Lab8_1_STM32_MNIST\Middlewares\ST\AI\Lib/NetworkRuntime520_CM4_GCC.a(core_mem_manager.o)
                              G:\My Drive\1. EIT Digital master\Estland\Semester 1\ML for ES\IAS0360_lab_excercises\Lab_08\Lab8_1_STM32_MNIST\Middlewares\ST\AI\Lib/NetworkRuntime520_CM4_GCC.a(ai_platform_interface.o) (core_mem_alloc)
G:\My Drive\1. EIT Digital master\Estland\Semester 1\ML for ES\IAS0360_lab_excercises\Lab_08\Lab8_1_STM32_MNIST\Middlewares\ST\AI\Lib/NetworkRuntime520_CM4_GCC.a(core_common.o)
                              G:\My Drive\1. EIT Digital master\Estland\Semester 1\ML for ES\IAS0360_lab_excercises\Lab_08\Lab8_1_STM32_MNIST\Middlewares\ST\AI\Lib/NetworkRuntime520_CM4_GCC.a(ai_platform_interface.o) (core_init)
G:\My Drive\1. EIT Digital master\Estland\Semester 1\ML for ES\IAS0360_lab_excercises\Lab_08\Lab8_1_STM32_MNIST\Middlewares\ST\AI\Lib/NetworkRuntime520_CM4_GCC.a(layers_conv2d_generic_float.o)
                              Src/network.o (forward_conv2d_nl_pool)
G:\My Drive\1. EIT Digital master\Estland\Semester 1\ML for ES\IAS0360_lab_excercises\Lab_08\Lab8_1_STM32_MNIST\Middlewares\ST\AI\Lib/NetworkRuntime520_CM4_GCC.a(layers_nl_generic_float.o)
                              Src/network.o (nl_func_relu_generic_array_f32)
G:\My Drive\1. EIT Digital master\Estland\Semester 1\ML for ES\IAS0360_lab_excercises\Lab_08\Lab8_1_STM32_MNIST\Middlewares\ST\AI\Lib/NetworkRuntime520_CM4_GCC.a(layers_pool_generic_float.o)
                              Src/network.o (pool_func_mp_array_f32)
G:\My Drive\1. EIT Digital master\Estland\Semester 1\ML for ES\IAS0360_lab_excercises\Lab_08\Lab8_1_STM32_MNIST\Middlewares\ST\AI\Lib/NetworkRuntime520_CM4_GCC.a(layers.o)
                              G:\My Drive\1. EIT Digital master\Estland\Semester 1\ML for ES\IAS0360_lab_excercises\Lab_08\Lab8_1_STM32_MNIST\Middlewares\ST\AI\Lib/NetworkRuntime520_CM4_GCC.a(ai_platform_interface.o) (ai_check_custom_types)
G:\My Drive\1. EIT Digital master\Estland\Semester 1\ML for ES\IAS0360_lab_excercises\Lab_08\Lab8_1_STM32_MNIST\Middlewares\ST\AI\Lib/NetworkRuntime520_CM4_GCC.a(arm_mat_init_f32.o)
                              G:\My Drive\1. EIT Digital master\Estland\Semester 1\ML for ES\IAS0360_lab_excercises\Lab_08\Lab8_1_STM32_MNIST\Middlewares\ST\AI\Lib/NetworkRuntime520_CM4_GCC.a(layers_conv2d_generic_float.o) (arm_mat_init_f32)
G:\My Drive\1. EIT Digital master\Estland\Semester 1\ML for ES\IAS0360_lab_excercises\Lab_08\Lab8_1_STM32_MNIST\Middlewares\ST\AI\Lib/NetworkRuntime520_CM4_GCC.a(ai_datatypes_format.o)
                              G:\My Drive\1. EIT Digital master\Estland\Semester 1\ML for ES\IAS0360_lab_excercises\Lab_08\Lab8_1_STM32_MNIST\Middlewares\ST\AI\Lib/NetworkRuntime520_CM4_GCC.a(ai_platform_interface.o) (ai_array_to_buffer_fmt)
G:\My Drive\1. EIT Digital master\Estland\Semester 1\ML for ES\IAS0360_lab_excercises\Lab_08\Lab8_1_STM32_MNIST\Middlewares\ST\AI\Lib/NetworkRuntime520_CM4_GCC.a(ai_math_helpers.o)
                              G:\My Drive\1. EIT Digital master\Estland\Semester 1\ML for ES\IAS0360_lab_excercises\Lab_08\Lab8_1_STM32_MNIST\Middlewares\ST\AI\Lib/NetworkRuntime520_CM4_GCC.a(layers_nl_generic_float.o) (ai_math_sqrt)
c:/ac6/systemworkbench/plugins/fr.ac6.mcu.externaltools.arm-none.win32_1.17.0.201812190825/tools/compiler/bin/../lib/gcc/arm-none-eabi/7.3.1/../../../../arm-none-eabi/lib/thumb/v7e-m/fpv4-sp/hard\libm.a(lib_a-sf_asinh.o)
                              G:\My Drive\1. EIT Digital master\Estland\Semester 1\ML for ES\IAS0360_lab_excercises\Lab_08\Lab8_1_STM32_MNIST\Middlewares\ST\AI\Lib/NetworkRuntime520_CM4_GCC.a(layers_nl_generic_float.o) (asinhf)
c:/ac6/systemworkbench/plugins/fr.ac6.mcu.externaltools.arm-none.win32_1.17.0.201812190825/tools/compiler/bin/../lib/gcc/arm-none-eabi/7.3.1/../../../../arm-none-eabi/lib/thumb/v7e-m/fpv4-sp/hard\libm.a(lib_a-sf_atan.o)
                              G:\My Drive\1. EIT Digital master\Estland\Semester 1\ML for ES\IAS0360_lab_excercises\Lab_08\Lab8_1_STM32_MNIST\Middlewares\ST\AI\Lib/NetworkRuntime520_CM4_GCC.a(layers_nl_generic_float.o) (atanf)
c:/ac6/systemworkbench/plugins/fr.ac6.mcu.externaltools.arm-none.win32_1.17.0.201812190825/tools/compiler/bin/../lib/gcc/arm-none-eabi/7.3.1/../../../../arm-none-eabi/lib/thumb/v7e-m/fpv4-sp/hard\libm.a(lib_a-sf_ceil.o)
                              G:\My Drive\1. EIT Digital master\Estland\Semester 1\ML for ES\IAS0360_lab_excercises\Lab_08\Lab8_1_STM32_MNIST\Middlewares\ST\AI\Lib/NetworkRuntime520_CM4_GCC.a(layers_nl_generic_float.o) (ceilf)
[...]
Memory Configuration

Name             Origin             Length             Attributes
RAM              0x20000000         0x00030000         xrw
CCMRAM           0x10000000         0x00010000         xrw
FLASH            0x08000000         0x00200000         xr
*default*        0x00000000         0xffffffff

Linker script and memory map

LOAD c:/ac6/systemworkbench/plugins/fr.ac6.mcu.externaltools.arm-none.win32_1.17.0.201812190825/tools/compiler/bin/../lib/gcc/arm-none-eabi/7.3.1/thumb/v7e-m/fpv4-sp/hard/crti.o
LOAD c:/ac6/systemworkbench/plugins/fr.ac6.mcu.externaltools.arm-none.win32_1.17.0.201812190825/tools/compiler/bin/../lib/gcc/arm-none-eabi/7.3.1/thumb/v7e-m/fpv4-sp/hard/crtbegin.o
LOAD c:/ac6/systemworkbench/plugins/fr.ac6.mcu.externaltools.arm-none.win32_1.17.0.201812190825/tools/compiler/bin/../lib/gcc/arm-none-eabi/7.3.1/../../../../arm-none-eabi/lib/thumb/v7e-m/fpv4-sp/hard/crt0.o
LOAD Drivers/BSP/Components/ili9325/ili9325.o
LOAD Drivers/BSP/Components/ili9341/ili9341.o
LOAD Drivers/BSP/Components/stmpe811/stmpe811.o
LOAD Drivers/BSP/STM32F429I-Discovery/stm32f429i_discovery.o
LOAD Drivers/BSP/STM32F429I-Discovery/stm32f429i_discovery_eeprom.o
LOAD Drivers/BSP/STM32F429I-Discovery/stm32f429i_discovery_io.o
LOAD Drivers/BSP/STM32F429I-Discovery/stm32f429i_discovery_lcd.o
LOAD Drivers/BSP/STM32F429I-Discovery/stm32f429i_discovery_sdram.o
LOAD Drivers/BSP/STM32F429I-Discovery/stm32f429i_discovery_ts.o
LOAD Drivers/STM32F4xx_HAL_Driver/Src/stm32f4xx_hal.o
LOAD Drivers/STM32F4xx_HAL_Driver/Src/stm32f4xx_hal_cortex.o
LOAD Drivers/STM32F4xx_HAL_Driver/Src/stm32f4xx_hal_crc.o
LOAD Drivers/STM32F4xx_HAL_Driver/Src/stm32f4xx_hal_dma.o
LOAD Drivers/STM32F4xx_HAL_Driver/Src/stm32f4xx_hal_dma2d.o
LOAD Drivers/STM32F4xx_HAL_Driver/Src/stm32f4xx_hal_dma_ex.o
LOAD Drivers/STM32F4xx_HAL_Driver/Src/stm32f4xx_hal_dsi.o
LOAD Drivers/STM32F4xx_HAL_Driver/Src/stm32f4xx_hal_exti.o
LOAD Drivers/STM32F4xx_HAL_Driver/Src/stm32f4xx_hal_flash.o
LOAD Drivers/STM32F4xx_HAL_Driver/Src/stm32f4xx_hal_flash_ex.o
LOAD Drivers/STM32F4xx_HAL_Driver/Src/stm32f4xx_hal_flash_ramfunc.o
LOAD Drivers/STM32F4xx_HAL_Driver/Src/stm32f4xx_hal_gpio.o
LOAD Drivers/STM32F4xx_HAL_Driver/Src/stm32f4xx_hal_i2c.o
LOAD Drivers/STM32F4xx_HAL_Driver/Src/stm32f4xx_hal_i2c_ex.o
LOAD Drivers/STM32F4xx_HAL_Driver/Src/stm32f4xx_hal_ltdc.o
LOAD Drivers/STM32F4xx_HAL_Driver/Src/stm32f4xx_hal_ltdc_ex.o
LOAD Drivers/STM32F4xx_HAL_Driver/Src/stm32f4xx_hal_pwr.o
LOAD Drivers/STM32F4xx_HAL_Driver/Src/stm32f4xx_hal_pwr_ex.o
LOAD Drivers/STM32F4xx_HAL_Driver/Src/stm32f4xx_hal_rcc.o
LOAD Drivers/STM32F4xx_HAL_Driver/Src/stm32f4xx_hal_rcc_ex.o
LOAD Drivers/STM32F4xx_HAL_Driver/Src/stm32f4xx_hal_sdram.o
LOAD Drivers/STM32F4xx_HAL_Driver/Src/stm32f4xx_hal_spi.o
LOAD Drivers/STM32F4xx_HAL_Driver/Src/stm32f4xx_hal_tim.o
LOAD Drivers/STM32F4xx_HAL_Driver/Src/stm32f4xx_hal_tim_ex.o
LOAD Drivers/STM32F4xx_HAL_Driver/Src/stm32f4xx_hal_uart.o
LOAD Drivers/STM32F4xx_HAL_Driver/Src/stm32f4xx_ll_fmc.o
LOAD Src/app_x-cube-ai.o
LOAD Src/crc.o
LOAD Src/dma2d.o
LOAD Src/fmc.o
LOAD Src/gpio.o
LOAD Src/i2c.o
LOAD Src/ltdc.o
LOAD Src/main.o
LOAD Src/network.o
LOAD Src/network_data.o
LOAD Src/spi.o
LOAD Src/stm32f4xx_hal_msp.o
LOAD Src/stm32f4xx_hal_timebase_tim.o
LOAD Src/stm32f4xx_it.o
LOAD Src/syscalls.o
LOAD Src/system_stm32f4xx.o
LOAD Src/tim.o
LOAD Src/usart.o
LOAD startup/startup_stm32f429xx.o
LOAD G:\My Drive\1. EIT Digital master\Estland\Semester 1\ML for ES\IAS0360_lab_excercises\Lab_08\Lab8_1_STM32_MNIST\Middlewares\ST\AI\Lib/NetworkRuntime520_CM4_GCC.a
LOAD c:/ac6/systemworkbench/plugins/fr.ac6.mcu.externaltools.arm-none.win32_1.17.0.201812190825/tools/compiler/bin/../lib/gcc/arm-none-eabi/7.3.1/../../../../arm-none-eabi/lib/thumb/v7e-m/fpv4-sp/hard\libm.a
START GROUP
LOAD c:/ac6/systemworkbench/plugins/fr.ac6.mcu.externaltools.arm-none.win32_1.17.0.201812190825/tools/compiler/bin/../lib/gcc/arm-none-eabi/7.3.1/thumb/v7e-m/fpv4-sp/hard\libgcc.a
LOAD c:/ac6/systemworkbench/plugins/fr.ac6.mcu.externaltools.arm-none.win32_1.17.0.201812190825/tools/compiler/bin/../lib/gcc/arm-none-eabi/7.3.1/../../../../arm-none-eabi/lib/thumb/v7e-m/fpv4-sp/hard\libc_nano.a
END GROUP
START GROUP
LOAD c:/ac6/systemworkbench/plugins/fr.ac6.mcu.externaltools.arm-none.win32_1.17.0.201812190825/tools/compiler/bin/../lib/gcc/arm-none-eabi/7.3.1/thumb/v7e-m/fpv4-sp/hard\libgcc.a
LOAD c:/ac6/systemworkbench/plugins/fr.ac6.mcu.externaltools.arm-none.win32_1.17.0.201812190825/tools/compiler/bin/../lib/gcc/arm-none-eabi/7.3.1/../../../../arm-none-eabi/lib/thumb/v7e-m/fpv4-sp/hard\libc_nano.a
LOAD c:/ac6/systemworkbench/plugins/fr.ac6.mcu.externaltools.arm-none.win32_1.17.0.201812190825/tools/compiler/bin/../lib/gcc/arm-none-eabi/7.3.1/../../../../arm-none-eabi/lib/thumb/v7e-m/fpv4-sp/hard\libnosys.a
END GROUP
START GROUP
LOAD c:/ac6/systemworkbench/plugins/fr.ac6.mcu.externaltools.arm-none.win32_1.17.0.201812190825/tools/compiler/bin/../lib/gcc/arm-none-eabi/7.3.1/thumb/v7e-m/fpv4-sp/hard\libgcc.a
LOAD c:/ac6/systemworkbench/plugins/fr.ac6.mcu.externaltools.arm-none.win32_1.17.0.201812190825/tools/compiler/bin/../lib/gcc/arm-none-eabi/7.3.1/../../../../arm-none-eabi/lib/thumb/v7e-m/fpv4-sp/hard\libc_nano.a
LOAD c:/ac6/systemworkbench/plugins/fr.ac6.mcu.externaltools.arm-none.win32_1.17.0.201812190825/tools/compiler/bin/../lib/gcc/arm-none-eabi/7.3.1/../../../../arm-none-eabi/lib/thumb/v7e-m/fpv4-sp/hard\libnosys.a
END GROUP
LOAD c:/ac6/systemworkbench/plugins/fr.ac6.mcu.externaltools.arm-none.win32_1.17.0.201812190825/tools/compiler/bin/../lib/gcc/arm-none-eabi/7.3.1/thumb/v7e-m/fpv4-sp/hard/crtend.o
LOAD c:/ac6/systemworkbench/plugins/fr.ac6.mcu.externaltools.arm-none.win32_1.17.0.201812190825/tools/compiler/bin/../lib/gcc/arm-none-eabi/7.3.1/thumb/v7e-m/fpv4-sp/hard/crtn.o
                0x20030000                _estack = 0x20030000
                0x00002000                _Min_Heap_Size = 0x2000
                0x00004000                _Min_Stack_Size = 0x4000

.isr_vector     0x08000000      0x1ac
                0x08000000                . = ALIGN (0x4)
 *(.isr_vector)
 .isr_vector    0x08000000      0x1ac startup/startup_stm32f429xx.o
                0x08000000                g_pfnVectors
                0x080001ac                . = ALIGN (0x4)

.text           0x080001b0     0xcdbc
                0x080001b0                . = ALIGN (0x4)
 *(.text)
 .text          0x080001b0       0x40 c:/ac6/systemworkbench/plugins/fr.ac6.mcu.externaltools.arm-none.win32_1.17.0.201812190825/tools/compiler/bin/../lib/gcc/arm-none-eabi/7.3.1/thumb/v7e-m/fpv4-sp/hard/crtbegin.o
 .text          0x080001f0      0x378 c:/ac6/systemworkbench/plugins/fr.ac6.mcu.externaltools.arm-none.win32_1.17.0.201812190825/tools/compiler/bin/../lib/gcc/arm-none-eabi/7.3.1/thumb/v7e-m/fpv4-sp/hard\libgcc.a(_arm_addsubdf3.o)
                0x080001f0                __aeabi_drsub
                0x080001f8                __aeabi_dsub
                0x080001f8                __subdf3
                0x080001fc                __aeabi_dadd
                0x080001fc                __adddf3
                0x08000474                __floatunsidf
                0x08000474                __aeabi_ui2d
                0x08000494                __floatsidf
                0x08000494                __aeabi_i2d
                0x080004b8                __aeabi_f2d
                0x080004b8                __extendsfdf2
                0x080004fc                __floatundidf
                0x080004fc                __aeabi_ul2d
                0x0800050c                __floatdidf
                0x0800050c                __aeabi_l2d
 .text          0x08000568      0x424 c:/ac6/systemworkbench/plugins/fr.ac6.mcu.externaltools.arm-none.win32_1.17.0.201812190825/tools/compiler/bin/../lib/gcc/arm-none-eabi/7.3.1/thumb/v7e-m/fpv4-sp/hard\libgcc.a(_arm_muldivdf3.o)
                0x08000568                __aeabi_dmul
                0x08000568                __muldf3
                0x080007bc                __divdf3
                0x080007bc                __aeabi_ddiv
 .text          0x0800098c       0xa0 c:/ac6/systemworkbench/plugins/fr.ac6.mcu.externaltools.arm-none.win32_1.17.0.201812190825/tools/compiler/bin/../lib/gcc/arm-none-eabi/7.3.1/thumb/v7e-m/fpv4-sp/hard\libgcc.a(_arm_truncdfsf2.o)
                0x0800098c                __truncdfsf2
                0x0800098c                __aeabi_d2f
 .text          0x08000a2c       0x30 c:/ac6/systemworkbench/plugins/fr.ac6.mcu.externaltools.arm-none.win32_1.17.0.201812190825/tools/compiler/bin/../lib/gcc/arm-none-eabi/7.3.1/thumb/v7e-m/fpv4-sp/hard\libgcc.a(_aeabi_uldivmod.o)
                0x08000a2c                __aeabi_uldivmod
 .text          0x08000a5c      0x2cc c:/ac6/systemworkbench/plugins/fr.ac6.mcu.externaltools.arm-none.win32_1.17.0.201812190825/tools/compiler/bin/../lib/gcc/arm-none-eabi/7.3.1/thumb/v7e-m/fpv4-sp/hard\libgcc.a(_udivmoddi4.o)
                0x08000a5c                __udivmoddi4
 .text          0x08000d28        0x4 c:/ac6/systemworkbench/plugins/fr.ac6.mcu.externaltools.arm-none.win32_1.17.0.201812190825/tools/compiler/bin/../lib/gcc/arm-none-eabi/7.3.1/thumb/v7e-m/fpv4-sp/hard\libgcc.a(_dvmd_tls.o)
                0x08000d28                __aeabi_idiv0
                0x08000d28                __aeabi_ldiv0
 .text          0x08000d2c       0x10 c:/ac6/systemworkbench/plugins/fr.ac6.mcu.externaltools.arm-none.win32_1.17.0.201812190825/tools/compiler/bin/../lib/gcc/arm-none-eabi/7.3.1/../../../../arm-none-eabi/lib/thumb/v7e-m/fpv4-sp/hard\libc_nano.a(lib_a-strlen.o)
                0x08000d2c                strlen
 *fill*         0x08000d3c        0x4 
 .text          0x08000d40       0xa0 c:/ac6/systemworkbench/plugins/fr.ac6.mcu.externaltools.arm-none.win32_1.17.0.201812190825/tools/compiler/bin/../lib/gcc/arm-none-eabi/7.3.1/../../../../arm-none-eabi/lib/thumb/v7e-m/fpv4-sp/hard\libc_nano.a(lib_a-memchr.o)
                0x08000d40                memchr
 .text          0x08000de0      0x110 c:/ac6/systemworkbench/plugins/fr.ac6.mcu.externaltools.arm-none.win32_1.17.0.201812190825/tools/compiler/bin/../lib/gcc/arm-none-eabi/7.3.1/thumb/v7e-m/fpv4-sp/hard\libgcc.a(_arm_cmpdf2.o)
                0x08000de0                __gtdf2
                0x08000de0                __gedf2
                0x08000de8                __ltdf2
                0x08000de8                __ledf2
                0x08000df0                __nedf2
                0x08000df0                __eqdf2
                0x08000df0                __cmpdf2
                0x08000e6c                __aeabi_cdrcmple
                0x08000e7c                __aeabi_cdcmpeq
                0x08000e7c                __aeabi_cdcmple
                0x08000e8c                __aeabi_dcmpeq
                0x08000ea0                __aeabi_dcmplt
                0x08000eb4                __aeabi_dcmple
                0x08000ec8                __aeabi_dcmpge
                0x08000edc                __aeabi_dcmpgt
 .text          0x08000ef0       0x2c c:/ac6/systemworkbench/plugins/fr.ac6.mcu.externaltools.arm-none.win32_1.17.0.201812190825/tools/compiler/bin/../lib/gcc/arm-none-eabi/7.3.1/thumb/v7e-m/fpv4-sp/hard\libgcc.a(_arm_unorddf2.o)
                0x08000ef0                __unorddf2
                0x08000ef0                __aeabi_dcmpun
 .text          0x08000f1c       0x50 c:/ac6/systemworkbench/plugins/fr.ac6.mcu.externaltools.arm-none.win32_1.17.0.201812190825/tools/compiler/bin/../lib/gcc/arm-none-eabi/7.3.1/thumb/v7e-m/fpv4-sp/hard\libgcc.a(_arm_fixdfsi.o)
                0x08000f1c                __aeabi_d2iz
                0x08000f1c                __fixdfsi
 *(.text*)
 .text.ili9341_GetLcdPixelWidth
                0x08000f6c        0x4 Drivers/BSP/Components/ili9341/ili9341.o
                0x08000f6c                ili9341_GetLcdPixelWidth
 .text.ili9341_GetLcdPixelHeight
                0x08000f70        0x6 Drivers/BSP/Components/ili9341/ili9341.o
                0x08000f70                ili9341_GetLcdPixelHeight
 .text.ili9341_WriteReg
                0x08000f76        0x8 Drivers/BSP/Components/ili9341/ili9341.o
                0x08000f76                ili9341_WriteReg
 .text.ili9341_DisplayOn
                0x08000f7e        0xa Drivers/BSP/Components/ili9341/ili9341.o
                0x08000f7e                ili9341_DisplayOn
 .text.ili9341_DisplayOff
                0x08000f88        0xa Drivers/BSP/Components/ili9341/ili9341.o
                0x08000f88                ili9341_DisplayOff
 .text.ili9341_WriteData
                0x08000f92        0x8 Drivers/BSP/Components/ili9341/ili9341.o
                0x08000f92                ili9341_WriteData
 .text.ili9341_Init
                0x08000f9a      0x290 Drivers/BSP/Components/ili9341/ili9341.o
                0x08000f9a                ili9341_Init
 .text.ili9341_ReadData
                0x0800122a        0x8 Drivers/BSP/Components/ili9341/ili9341.o
                0x0800122a                ili9341_ReadData
 .text.ili9341_ReadID
                0x08001232       0x12 Drivers/BSP/Components/ili9341/ili9341.o
                0x08001232                ili9341_ReadID
 .text.stmpe811_GetInstance
                0x08001244       0x20 Drivers/BSP/Components/stmpe811/stmpe811.o
 .text.stmpe811_IO_WritePin
                0x08001264       0x1c Drivers/BSP/Components/stmpe811/stmpe811.o
                0x08001264                stmpe811_IO_WritePin
 .text.stmpe811_Reset
                0x08001280       0x26 Drivers/BSP/Components/stmpe811/stmpe811.o
                0x08001280                stmpe811_Reset
 *fill*         0x080012a6        0x2 
 .text.stmpe811_Init
                0x080012a8       0x2c Drivers/BSP/Components/stmpe811/stmpe811.o
                0x080012a8                stmpe811_Init
 .text.stmpe811_ReadID
                0x080012d4       0x24 Drivers/BSP/Components/stmpe811/stmpe811.o
                0x080012d4                stmpe811_ReadID
 .text.stmpe811_IO_ReadPin
                0x080012f8       0x12 Drivers/BSP/Components/stmpe811/stmpe811.o
                0x080012f8                stmpe811_IO_ReadPin
 .text.stmpe811_IO_ITStatus
                0x0800130a       0x12 Drivers/BSP/Components/stmpe811/stmpe811.o
                0x0800130a                stmpe811_IO_ITStatus
 .text.stmpe811_TS_DetectTouch
                0x0800131c       0x3e Drivers/BSP/Components/stmpe811/stmpe811.o
                0x0800131c                stmpe811_TS_DetectTouch
 .text.stmpe811_TS_GetXY
                0x0800135a       0x56 Drivers/BSP/Components/stmpe811/stmpe811.o
                0x0800135a                stmpe811_TS_GetXY
 .text.stmpe811_EnableGlobalIT
                0x080013b0       0x1c Drivers/BSP/Components/stmpe811/stmpe811.o
                0x080013b0                stmpe811_EnableGlobalIT
 .text.stmpe811_DisableGlobalIT
                0x080013cc       0x1a Drivers/BSP/Components/stmpe811/stmpe811.o
                0x080013cc                stmpe811_DisableGlobalIT
 .text.stmpe811_EnableITSource
                0x080013e6       0x1e Drivers/BSP/Components/stmpe811/stmpe811.o
                0x080013e6                stmpe811_EnableITSource
 .text.stmpe811_IO_EnableIT
                0x08001404       0x18 Drivers/BSP/Components/stmpe811/stmpe811.o
                0x08001404                stmpe811_IO_EnableIT
 .text.stmpe811_TS_EnableIT
                0x0800141c       0x18 Drivers/BSP/Components/stmpe811/stmpe811.o
                0x0800141c                stmpe811_TS_EnableIT
 .text.stmpe811_DisableITSource
                0x08001434       0x1e Drivers/BSP/Components/stmpe811/stmpe811.o
                0x08001434                stmpe811_DisableITSource
 .text.stmpe811_IO_DisableIT
                0x08001452       0x12 Drivers/BSP/Components/stmpe811/stmpe811.o
                0x08001452                stmpe811_IO_DisableIT
 .text.stmpe811_TS_DisableIT
                0x08001464       0x12 Drivers/BSP/Components/stmpe811/stmpe811.o
                0x08001464                stmpe811_TS_DisableIT
 .text.stmpe811_SetITPolarity
                0x08001476       0x1e Drivers/BSP/Components/stmpe811/stmpe811.o
                0x08001476                stmpe811_SetITPolarity
 .text.stmpe811_SetITType
                0x08001494       0x1e Drivers/BSP/Components/stmpe811/stmpe811.o
                0x08001494                stmpe811_SetITType
 .text.stmpe811_ReadGITStatus
                0x080014b2       0x10 Drivers/BSP/Components/stmpe811/stmpe811.o
                0x080014b2                stmpe811_ReadGITStatus
 .text.stmpe811_TS_ITStatus
                0x080014c2        0xa Drivers/BSP/Components/stmpe811/stmpe811.o
                0x080014c2                stmpe811_TS_ITStatus
 .text.stmpe811_ClearGlobalIT
                0x080014cc        0xe Drivers/BSP/Components/stmpe811/stmpe811.o
                0x080014cc                stmpe811_ClearGlobalIT
 .text.stmpe811_IO_ClearIT
                0x080014da       0x3a Drivers/BSP/Components/stmpe811/stmpe811.o
                0x080014da                stmpe811_IO_ClearIT
 .text.stmpe811_TS_ClearIT
                0x08001514        0xa Drivers/BSP/Components/stmpe811/stmpe811.o
                0x08001514                stmpe811_TS_ClearIT
 .text.stmpe811_IO_InitPin
                0x0800151e       0x2a Drivers/BSP/Components/stmpe811/stmpe811.o
                0x0800151e                stmpe811_IO_InitPin
 .text.stmpe811_IO_DisableAF
                0x08001548       0x1e Drivers/BSP/Components/stmpe811/stmpe811.o
                0x08001548                stmpe811_IO_DisableAF
 .text.stmpe811_IO_Start
                0x08001566       0x26 Drivers/BSP/Components/stmpe811/stmpe811.o
                0x08001566                stmpe811_IO_Start
 .text.stmpe811_IO_EnableAF
                0x0800158c       0x1e Drivers/BSP/Components/stmpe811/stmpe811.o
                0x0800158c                stmpe811_IO_EnableAF
 .text.stmpe811_TS_Start
                0x080015aa       0xa2 Drivers/BSP/Components/stmpe811/stmpe811.o
                0x080015aa                stmpe811_TS_Start
 .text.stmpe811_IO_SetEdgeMode
                0x0800164c       0x54 Drivers/BSP/Components/stmpe811/stmpe811.o
                0x0800164c                stmpe811_IO_SetEdgeMode
 .text.stmpe811_IO_EnablePinIT
                0x080016a0       0x1e Drivers/BSP/Components/stmpe811/stmpe811.o
                0x080016a0                stmpe811_IO_EnablePinIT
 .text.stmpe811_IO_Config
                0x080016be       0xd8 Drivers/BSP/Components/stmpe811/stmpe811.o
                0x080016be                stmpe811_IO_Config
 *fill*         0x08001796        0x2 
 .text.SPIx_MspInit
                0x08001798       0x5c Drivers/BSP/STM32F429I-Discovery/stm32f429i_discovery.o
 .text.I2Cx_MspInit
                0x080017f4       0xbc Drivers/BSP/STM32F429I-Discovery/stm32f429i_discovery.o
 .text.I2Cx_ITConfig
                0x080018b0       0x54 Drivers/BSP/STM32F429I-Discovery/stm32f429i_discovery.o
 .text.SPIx_Init
                0x08001904       0x4c Drivers/BSP/STM32F429I-Discovery/stm32f429i_discovery.o
 .text.SPIx_Error
                0x08001950       0x14 Drivers/BSP/STM32F429I-Discovery/stm32f429i_discovery.o
 .text.SPIx_Write
                0x08001964       0x2c Drivers/BSP/STM32F429I-Discovery/stm32f429i_discovery.o
 .text.SPIx_Read
                0x08001990       0x2c Drivers/BSP/STM32F429I-Discovery/stm32f429i_discovery.o
 .text.I2Cx_Init
                0x080019bc       0x44 Drivers/BSP/STM32F429I-Discovery/stm32f429i_discovery.o
 .text.I2Cx_Error
                0x08001a00       0x14 Drivers/BSP/STM32F429I-Discovery/stm32f429i_discovery.o
 .text.I2Cx_WriteData
                0x08001a14       0x34 Drivers/BSP/STM32F429I-Discovery/stm32f429i_discovery.o
 .text.I2Cx_ReadData
                0x08001a48       0x3c Drivers/BSP/STM32F429I-Discovery/stm32f429i_discovery.o
 .text.I2Cx_ReadBuffer
                0x08001a84       0x34 Drivers/BSP/STM32F429I-Discovery/stm32f429i_discovery.o
 .text.BSP_PB_Init
                0x08001ab8       0x84 Drivers/BSP/STM32F429I-Discovery/stm32f429i_discovery.o
                0x08001ab8                BSP_PB_Init
 .text.BSP_PB_GetState
                0x08001b3c       0x18 Drivers/BSP/STM32F429I-Discovery/stm32f429i_discovery.o
                0x08001b3c                BSP_PB_GetState
 .text.LCD_IO_Init
                0x08001b54       0xcc Drivers/BSP/STM32F429I-Discovery/stm32f429i_discovery.o
                0x08001b54                LCD_IO_Init
 .text.LCD_IO_WriteData
                0x08001c20       0x38 Drivers/BSP/STM32F429I-Discovery/stm32f429i_discovery.o
                0x08001c20                LCD_IO_WriteData
 .text.LCD_IO_WriteReg
                0x08001c58       0x38 Drivers/BSP/STM32F429I-Discovery/stm32f429i_discovery.o
                0x08001c58                LCD_IO_WriteReg
 .text.LCD_IO_ReadData
                0x08001c90       0x50 Drivers/BSP/STM32F429I-Discovery/stm32f429i_discovery.o
                0x08001c90                LCD_IO_ReadData
 .text.LCD_Delay
                0x08001ce0        0x8 Drivers/BSP/STM32F429I-Discovery/stm32f429i_discovery.o
                0x08001ce0                LCD_Delay
 .text.IOE_Init
                0x08001ce8        0x8 Drivers/BSP/STM32F429I-Discovery/stm32f429i_discovery.o
                0x08001ce8                IOE_Init
 .text.IOE_ITConfig
                0x08001cf0        0x8 Drivers/BSP/STM32F429I-Discovery/stm32f429i_discovery.o
                0x08001cf0                IOE_ITConfig
 .text.IOE_Write
                0x08001cf8        0x8 Drivers/BSP/STM32F429I-Discovery/stm32f429i_discovery.o
                0x08001cf8                IOE_Write
 .text.IOE_Read
                0x08001d00        0x8 Drivers/BSP/STM32F429I-Discovery/stm32f429i_discovery.o
                0x08001d00                IOE_Read
 .text.IOE_ReadMultiple
                0x08001d08        0x8 Drivers/BSP/STM32F429I-Discovery/stm32f429i_discovery.o
                0x08001d08                IOE_ReadMultiple
 .text.IOE_Delay
                0x08001d10        0x8 Drivers/BSP/STM32F429I-Discovery/stm32f429i_discovery.o
                0x08001d10                IOE_Delay
 .text.FillBuffer
                0x08001d18       0x5c Drivers/BSP/STM32F429I-Discovery/stm32f429i_discovery_lcd.o
 .text.BSP_LCD_GetXSize
                0x08001d74       0x10 Drivers/BSP/STM32F429I-Discovery/stm32f429i_discovery_lcd.o
                0x08001d74                BSP_LCD_GetXSize
 .text.BSP_LCD_GetYSize
                0x08001d84       0x10 Drivers/BSP/STM32F429I-Discovery/stm32f429i_discovery_lcd.o
                0x08001d84                BSP_LCD_GetYSize
 .text.BSP_LCD_LayerDefaultInit
                0x08001d94       0x88 Drivers/BSP/STM32F429I-Discovery/stm32f429i_discovery_lcd.o
                0x08001d94                BSP_LCD_LayerDefaultInit
 .text.BSP_LCD_SelectLayer
                0x08001e1c        0xc Drivers/BSP/STM32F429I-Discovery/stm32f429i_discovery_lcd.o
                0x08001e1c                BSP_LCD_SelectLayer
 .text.BSP_LCD_SetLayerVisible
                0x08001e28       0x40 Drivers/BSP/STM32F429I-Discovery/stm32f429i_discovery_lcd.o
                0x08001e28                BSP_LCD_SetLayerVisible
 .text.BSP_LCD_SetColorKeying
                0x08001e68       0x1c Drivers/BSP/STM32F429I-Discovery/stm32f429i_discovery_lcd.o
                0x08001e68                BSP_LCD_SetColorKeying
 .text.BSP_LCD_SetTextColor
                0x08001e84       0x14 Drivers/BSP/STM32F429I-Discovery/stm32f429i_discovery_lcd.o
                0x08001e84                BSP_LCD_SetTextColor
 .text.BSP_LCD_SetBackColor
                0x08001e98       0x14 Drivers/BSP/STM32F429I-Discovery/stm32f429i_discovery_lcd.o
                0x08001e98                BSP_LCD_SetBackColor
 .text.BSP_LCD_SetFont
                0x08001eac       0x14 Drivers/BSP/STM32F429I-Discovery/stm32f429i_discovery_lcd.o
                0x08001eac                BSP_LCD_SetFont
 .text.BSP_LCD_Clear
                0x08001ec0       0x3c Drivers/BSP/STM32F429I-Discovery/stm32f429i_discovery_lcd.o
                0x08001ec0                BSP_LCD_Clear
 .text.BSP_LCD_DrawHLine
                0x08001efc       0x50 Drivers/BSP/STM32F429I-Discovery/stm32f429i_discovery_lcd.o
                0x08001efc                BSP_LCD_DrawHLine
 .text.BSP_LCD_DrawVLine
                0x08001f4c       0x58 Drivers/BSP/STM32F429I-Discovery/stm32f429i_discovery_lcd.o
                0x08001f4c                BSP_LCD_DrawVLine
 .text.BSP_LCD_DrawRect
                0x08001fa4       0x32 Drivers/BSP/STM32F429I-Discovery/stm32f429i_discovery_lcd.o
                0x08001fa4                BSP_LCD_DrawRect
 *fill*         0x08001fd6        0x2 
 .text.BSP_LCD_FillRect
                0x08001fd8       0x70 Drivers/BSP/STM32F429I-Discovery/stm32f429i_discovery_lcd.o
                0x08001fd8                BSP_LCD_FillRect
 .text.BSP_LCD_DisplayOn
                0x08002048       0x14 Drivers/BSP/STM32F429I-Discovery/stm32f429i_discovery_lcd.o
                0x08002048                BSP_LCD_DisplayOn
 .text.BSP_LCD_MspInit
                0x0800205c      0x148 Drivers/BSP/STM32F429I-Discovery/stm32f429i_discovery_lcd.o
                0x0800205c                BSP_LCD_MspInit
 .text.BSP_LCD_Init
                0x080021a4       0x9c Drivers/BSP/STM32F429I-Discovery/stm32f429i_discovery_lcd.o
                0x080021a4                BSP_LCD_Init
 .text.BSP_LCD_DrawPixel
                0x08002240       0x2c Drivers/BSP/STM32F429I-Discovery/stm32f429i_discovery_lcd.o
                0x08002240                BSP_LCD_DrawPixel
 .text.DrawChar
                0x0800226c       0xe0 Drivers/BSP/STM32F429I-Discovery/stm32f429i_discovery_lcd.o
 .text.BSP_LCD_DisplayChar
                0x0800234c       0x30 Drivers/BSP/STM32F429I-Discovery/stm32f429i_discovery_lcd.o
                0x0800234c                BSP_LCD_DisplayChar
 .text.BSP_LCD_DisplayStringAt
                0x0800237c       0xc4 Drivers/BSP/STM32F429I-Discovery/stm32f429i_discovery_lcd.o
                0x0800237c                BSP_LCD_DisplayStringAt
 .text.BSP_LCD_DrawCircle
                0x08002440      0x12c Drivers/BSP/STM32F429I-Discovery/stm32f429i_discovery_lcd.o
                0x08002440                BSP_LCD_DrawCircle
 .text.BSP_LCD_FillCircle
                0x0800256c       0xd4 Drivers/BSP/STM32F429I-Discovery/stm32f429i_discovery_lcd.o
                0x0800256c                BSP_LCD_FillCircle
 .text.BSP_SDRAM_Initialization_sequence
                0x08002640       0x9c Drivers/BSP/STM32F429I-Discovery/stm32f429i_discovery_sdram.o
                0x08002640                BSP_SDRAM_Initialization_sequence
 .text.BSP_SDRAM_MspInit
                0x080026dc      0x194 Drivers/BSP/STM32F429I-Discovery/stm32f429i_discovery_sdram.o
                0x080026dc                BSP_SDRAM_MspInit
 .text.BSP_SDRAM_Init
                0x08002870       0x90 Drivers/BSP/STM32F429I-Discovery/stm32f429i_discovery_sdram.o
                0x08002870                BSP_SDRAM_Init
 .text.BSP_TS_Init
                0x08002900       0x3c Drivers/BSP/STM32F429I-Discovery/stm32f429i_discovery_ts.o
                0x08002900                BSP_TS_Init
 .text.BSP_TS_GetState
                0x0800293c       0xe0 Drivers/BSP/STM32F429I-Discovery/stm32f429i_discovery_ts.o
                0x0800293c                BSP_TS_GetState
 .text.HAL_Init
                0x08002a1c       0x34 Drivers/STM32F4xx_HAL_Driver/Src/stm32f4xx_hal.o
                0x08002a1c                HAL_Init
 .text.HAL_IncTick
                0x08002a50       0x18 Drivers/STM32F4xx_HAL_Driver/Src/stm32f4xx_hal.o
                0x08002a50                HAL_IncTick
 .text.HAL_GetTick
                0x08002a68        0xc Drivers/STM32F4xx_HAL_Driver/Src/stm32f4xx_hal.o
                0x08002a68                HAL_GetTick
 .text.HAL_Delay
                0x08002a74       0x28 Drivers/STM32F4xx_HAL_Driver/Src/stm32f4xx_hal.o
                0x08002a74                HAL_Delay
 .text.HAL_NVIC_SetPriorityGrouping
                0x08002a9c       0x24 Drivers/STM32F4xx_HAL_Driver/Src/stm32f4xx_hal_cortex.o
                0x08002a9c                HAL_NVIC_SetPriorityGrouping
 .text.HAL_NVIC_SetPriority
                0x08002ac0       0x68 Drivers/STM32F4xx_HAL_Driver/Src/stm32f4xx_hal_cortex.o
                0x08002ac0                HAL_NVIC_SetPriority
 .text.HAL_NVIC_EnableIRQ
                0x08002b28       0x1c Drivers/STM32F4xx_HAL_Driver/Src/stm32f4xx_hal_cortex.o
                0x08002b28                HAL_NVIC_EnableIRQ
 .text.HAL_CRC_Init
                0x08002b44       0x1e Drivers/STM32F4xx_HAL_Driver/Src/stm32f4xx_hal_crc.o
                0x08002b44                HAL_CRC_Init
 *fill*         0x08002b62        0x2 
 .text.DMA_CalcBaseAndBitshift
                0x08002b64       0x3c Drivers/STM32F4xx_HAL_Driver/Src/stm32f4xx_hal_dma.o
 .text.DMA_CheckFifoParam
                0x08002ba0       0x8e Drivers/STM32F4xx_HAL_Driver/Src/stm32f4xx_hal_dma.o
 *fill*         0x08002c2e        0x2 
 .text.HAL_DMA_Init
                0x08002c30       0xcc Drivers/STM32F4xx_HAL_Driver/Src/stm32f4xx_hal_dma.o
                0x08002c30                HAL_DMA_Init
 .text.HAL_DMA_DeInit
                0x08002cfc       0x66 Drivers/STM32F4xx_HAL_Driver/Src/stm32f4xx_hal_dma.o
                0x08002cfc                HAL_DMA_DeInit
 .text.DMA2D_SetConfig
                0x08002d62       0x8c Drivers/STM32F4xx_HAL_Driver/Src/stm32f4xx_hal_dma2d.o
 .text.HAL_DMA2D_Init
                0x08002dee       0x5a Drivers/STM32F4xx_HAL_Driver/Src/stm32f4xx_hal_dma2d.o
                0x08002dee                HAL_DMA2D_Init
 .text.HAL_DMA2D_Start
                0x08002e48       0x38 Drivers/STM32F4xx_HAL_Driver/Src/stm32f4xx_hal_dma2d.o
                0x08002e48                HAL_DMA2D_Start
 .text.HAL_DMA2D_PollForTransfer
                0x08002e80      0x13e Drivers/STM32F4xx_HAL_Driver/Src/stm32f4xx_hal_dma2d.o
                0x08002e80                HAL_DMA2D_PollForTransfer
 *fill*         0x08002fbe        0x2 
 .text.HAL_DMA2D_ConfigLayer
                0x08002fc0       0xc4 Drivers/STM32F4xx_HAL_Driver/Src/stm32f4xx_hal_dma2d.o
                0x08002fc0                HAL_DMA2D_ConfigLayer
 .text.HAL_GPIO_Init
                0x08003084      0x1e0 Drivers/STM32F4xx_HAL_Driver/Src/stm32f4xx_hal_gpio.o
                0x08003084                HAL_GPIO_Init
 .text.HAL_GPIO_DeInit
                0x08003264      0x140 Drivers/STM32F4xx_HAL_Driver/Src/stm32f4xx_hal_gpio.o
                0x08003264                HAL_GPIO_DeInit
 .text.HAL_GPIO_ReadPin
                0x080033a4        0xe Drivers/STM32F4xx_HAL_Driver/Src/stm32f4xx_hal_gpio.o
                0x080033a4                HAL_GPIO_ReadPin
 .text.HAL_GPIO_WritePin
                0x080033b2        0xc Drivers/STM32F4xx_HAL_Driver/Src/stm32f4xx_hal_gpio.o
                0x080033b2                HAL_GPIO_WritePin
 .text.I2C_IsAcknowledgeFailed
                0x080033be       0x32 Drivers/STM32F4xx_HAL_Driver/Src/stm32f4xx_hal_i2c.o
 .text.I2C_WaitOnFlagUntilTimeout
                0x080033f0       0x70 Drivers/STM32F4xx_HAL_Driver/Src/stm32f4xx_hal_i2c.o
 .text.I2C_WaitOnMasterAddressFlagUntilTimeout
                0x08003460       0xa4 Drivers/STM32F4xx_HAL_Driver/Src/stm32f4xx_hal_i2c.o
 .text.I2C_WaitOnTXEFlagUntilTimeout
                0x08003504       0x54 Drivers/STM32F4xx_HAL_Driver/Src/stm32f4xx_hal_i2c.o
 .text.I2C_RequestMemoryWrite
                0x08003558       0xdc Drivers/STM32F4xx_HAL_Driver/Src/stm32f4xx_hal_i2c.o
 .text.I2C_RequestMemoryRead
                0x08003634      0x160 Drivers/STM32F4xx_HAL_Driver/Src/stm32f4xx_hal_i2c.o
 .text.I2C_WaitOnBTFFlagUntilTimeout
                0x08003794       0x54 Drivers/STM32F4xx_HAL_Driver/Src/stm32f4xx_hal_i2c.o
 .text.I2C_WaitOnRXNEFlagUntilTimeout
                0x080037e8       0x6a Drivers/STM32F4xx_HAL_Driver/Src/stm32f4xx_hal_i2c.o
 *fill*         0x08003852        0x2 
 .text.HAL_I2C_Init
                0x08003854      0x1b4 Drivers/STM32F4xx_HAL_Driver/Src/stm32f4xx_hal_i2c.o
                0x08003854                HAL_I2C_Init
 .text.HAL_I2C_DeInit
                0x08003a08       0x32 Drivers/STM32F4xx_HAL_Driver/Src/stm32f4xx_hal_i2c.o
                0x08003a08                HAL_I2C_DeInit
 *fill*         0x08003a3a        0x2 
 .text.HAL_I2C_Mem_Write
                0x08003a3c      0x168 Drivers/STM32F4xx_HAL_Driver/Src/stm32f4xx_hal_i2c.o
                0x08003a3c                HAL_I2C_Mem_Write
 .text.HAL_I2C_Mem_Read
                0x08003ba4      0x2d0 Drivers/STM32F4xx_HAL_Driver/Src/stm32f4xx_hal_i2c.o
                0x08003ba4                HAL_I2C_Mem_Read
 .text.HAL_I2C_GetState
                0x08003e74        0x6 Drivers/STM32F4xx_HAL_Driver/Src/stm32f4xx_hal_i2c.o
                0x08003e74                HAL_I2C_GetState
 .text.HAL_I2CEx_ConfigAnalogFilter
                0x08003e7a       0x44 Drivers/STM32F4xx_HAL_Driver/Src/stm32f4xx_hal_i2c_ex.o
                0x08003e7a                HAL_I2CEx_ConfigAnalogFilter
 .text.HAL_I2CEx_ConfigDigitalFilter
                0x08003ebe       0x42 Drivers/STM32F4xx_HAL_Driver/Src/stm32f4xx_hal_i2c_ex.o
                0x08003ebe                HAL_I2CEx_ConfigDigitalFilter
 .text.LTDC_SetConfig
                0x08003f00      0x192 Drivers/STM32F4xx_HAL_Driver/Src/stm32f4xx_hal_ltdc.o
 *fill*         0x08004092        0x2 
 .text.HAL_LTDC_Init
                0x08004094       0xf4 Drivers/STM32F4xx_HAL_Driver/Src/stm32f4xx_hal_ltdc.o
                0x08004094                HAL_LTDC_Init
 .text.HAL_LTDC_ConfigLayer
                0x08004188       0x5c Drivers/STM32F4xx_HAL_Driver/Src/stm32f4xx_hal_ltdc.o
                0x08004188                HAL_LTDC_ConfigLayer
 .text.HAL_LTDC_ConfigColorKeying
                0x080041e4       0x48 Drivers/STM32F4xx_HAL_Driver/Src/stm32f4xx_hal_ltdc.o
                0x080041e4                HAL_LTDC_ConfigColorKeying
 .text.HAL_LTDC_EnableColorKeying
                0x0800422c       0x3c Drivers/STM32F4xx_HAL_Driver/Src/stm32f4xx_hal_ltdc.o
                0x0800422c                HAL_LTDC_EnableColorKeying
 .text.HAL_LTDC_EnableDither
                0x08004268       0x34 Drivers/STM32F4xx_HAL_Driver/Src/stm32f4xx_hal_ltdc.o
                0x08004268                HAL_LTDC_EnableDither
 .text.HAL_RCC_OscConfig
                0x0800429c      0x3ec Drivers/STM32F4xx_HAL_Driver/Src/stm32f4xx_hal_rcc.o
                0x0800429c                HAL_RCC_OscConfig
 .text.HAL_RCC_GetSysClockFreq
                0x08004688       0xd8 Drivers/STM32F4xx_HAL_Driver/Src/stm32f4xx_hal_rcc.o
                0x08004688                HAL_RCC_GetSysClockFreq
 .text.HAL_RCC_ClockConfig
                0x08004760      0x160 Drivers/STM32F4xx_HAL_Driver/Src/stm32f4xx_hal_rcc.o
                0x08004760                HAL_RCC_ClockConfig
 .text.HAL_RCC_GetHCLKFreq
                0x080048c0        0xc Drivers/STM32F4xx_HAL_Driver/Src/stm32f4xx_hal_rcc.o
                0x080048c0                HAL_RCC_GetHCLKFreq
 .text.HAL_RCC_GetPCLK1Freq
                0x080048cc       0x20 Drivers/STM32F4xx_HAL_Driver/Src/stm32f4xx_hal_rcc.o
                0x080048cc                HAL_RCC_GetPCLK1Freq
 .text.HAL_RCC_GetPCLK2Freq
                0x080048ec       0x20 Drivers/STM32F4xx_HAL_Driver/Src/stm32f4xx_hal_rcc.o
                0x080048ec                HAL_RCC_GetPCLK2Freq
 .text.HAL_RCC_GetClockConfig
                0x0800490c       0x3c Drivers/STM32F4xx_HAL_Driver/Src/stm32f4xx_hal_rcc.o
                0x0800490c                HAL_RCC_GetClockConfig
 .text.HAL_RCCEx_PeriphCLKConfig
                0x08004948      0x288 Drivers/STM32F4xx_HAL_Driver/Src/stm32f4xx_hal_rcc_ex.o
                0x08004948                HAL_RCCEx_PeriphCLKConfig
 .text.HAL_SDRAM_Init
                0x08004bd0       0x3e Drivers/STM32F4xx_HAL_Driver/Src/stm32f4xx_hal_sdram.o
                0x08004bd0                HAL_SDRAM_Init
 .text.HAL_SDRAM_SendCommand
                0x08004c0e       0x3a Drivers/STM32F4xx_HAL_Driver/Src/stm32f4xx_hal_sdram.o
                0x08004c0e                HAL_SDRAM_SendCommand
 .text.HAL_SDRAM_ProgramRefreshRate
                0x08004c48       0x28 Drivers/STM32F4xx_HAL_Driver/Src/stm32f4xx_hal_sdram.o
                0x08004c48                HAL_SDRAM_ProgramRefreshRate
 .text.SPI_WaitFlagStateUntilTimeout
                0x08004c70       0x90 Drivers/STM32F4xx_HAL_Driver/Src/stm32f4xx_hal_spi.o
 .text.SPI_EndRxTxTransaction
                0x08004d00       0x68 Drivers/STM32F4xx_HAL_Driver/Src/stm32f4xx_hal_spi.o
 .text.SPI_EndRxTransaction
                0x08004d68       0x98 Drivers/STM32F4xx_HAL_Driver/Src/stm32f4xx_hal_spi.o
 .text.HAL_SPI_Init
                0x08004e00       0x80 Drivers/STM32F4xx_HAL_Driver/Src/stm32f4xx_hal_spi.o
                0x08004e00                HAL_SPI_Init
 .text.HAL_SPI_DeInit
                0x08004e80       0x2c Drivers/STM32F4xx_HAL_Driver/Src/stm32f4xx_hal_spi.o
                0x08004e80                HAL_SPI_DeInit
 .text.HAL_SPI_Transmit
                0x08004eac      0x19a Drivers/STM32F4xx_HAL_Driver/Src/stm32f4xx_hal_spi.o
                0x08004eac                HAL_SPI_Transmit
 .text.HAL_SPI_TransmitReceive
                0x08005046      0x22e Drivers/STM32F4xx_HAL_Driver/Src/stm32f4xx_hal_spi.o
                0x08005046                HAL_SPI_TransmitReceive
 .text.HAL_SPI_Receive
                0x08005274      0x162 Drivers/STM32F4xx_HAL_Driver/Src/stm32f4xx_hal_spi.o
                0x08005274                HAL_SPI_Receive
 .text.HAL_SPI_GetState
                0x080053d6        0x6 Drivers/STM32F4xx_HAL_Driver/Src/stm32f4xx_hal_spi.o
                0x080053d6                HAL_SPI_GetState
 .text.TIM_TI1_ConfigInputStage
                0x080053dc       0x26 Drivers/STM32F4xx_HAL_Driver/Src/stm32f4xx_hal_tim.o
 .text.TIM_TI2_ConfigInputStage
                0x08005402       0x28 Drivers/STM32F4xx_HAL_Driver/Src/stm32f4xx_hal_tim.o
 .text.TIM_ITRx_SetConfig
                0x0800542a       0x10 Drivers/STM32F4xx_HAL_Driver/Src/stm32f4xx_hal_tim.o
 .text.HAL_TIM_Base_Start_IT
                0x0800543a       0x22 Drivers/STM32F4xx_HAL_Driver/Src/stm32f4xx_hal_tim.o
                0x0800543a                HAL_TIM_Base_Start_IT
 .text.HAL_TIM_OC_DelayElapsedCallback
                0x0800545c        0x2 Drivers/STM32F4xx_HAL_Driver/Src/stm32f4xx_hal_tim.o
                0x0800545c                HAL_TIM_OC_DelayElapsedCallback
 .text.HAL_TIM_IC_CaptureCallback
                0x0800545e        0x2 Drivers/STM32F4xx_HAL_Driver/Src/stm32f4xx_hal_tim.o
                0x0800545e                HAL_TIM_IC_CaptureCallback
 .text.HAL_TIM_PWM_PulseFinishedCallback
                0x08005460        0x2 Drivers/STM32F4xx_HAL_Driver/Src/stm32f4xx_hal_tim.o
                0x08005460                HAL_TIM_PWM_PulseFinishedCallback
 .text.HAL_TIM_TriggerCallback
                0x08005462        0x2 Drivers/STM32F4xx_HAL_Driver/Src/stm32f4xx_hal_tim.o
                0x08005462                HAL_TIM_TriggerCallback
 .text.HAL_TIM_IRQHandler
                0x08005464      0x17a Drivers/STM32F4xx_HAL_Driver/Src/stm32f4xx_hal_tim.o
                0x08005464                HAL_TIM_IRQHandler
 *fill*         0x080055de        0x2 
 .text.TIM_Base_SetConfig
                0x080055e0       0xc8 Drivers/STM32F4xx_HAL_Driver/Src/stm32f4xx_hal_tim.o
                0x080055e0                TIM_Base_SetConfig
 .text.HAL_TIM_Base_Init
                0x080056a8       0x32 Drivers/STM32F4xx_HAL_Driver/Src/stm32f4xx_hal_tim.o
                0x080056a8                HAL_TIM_Base_Init
 .text.TIM_ETR_SetConfig
                0x080056da       0x18 Drivers/STM32F4xx_HAL_Driver/Src/stm32f4xx_hal_tim.o
                0x080056da                TIM_ETR_SetConfig
 .text.HAL_TIM_ConfigClockSource
                0x080056f2       0xda Drivers/STM32F4xx_HAL_Driver/Src/stm32f4xx_hal_tim.o
                0x080056f2                HAL_TIM_ConfigClockSource
 .text.HAL_TIMEx_MasterConfigSynchronization
                0x080057cc       0x88 Drivers/STM32F4xx_HAL_Driver/Src/stm32f4xx_hal_tim_ex.o
                0x080057cc                HAL_TIMEx_MasterConfigSynchronization
 .text.HAL_TIMEx_CommutCallback
                0x08005854        0x2 Drivers/STM32F4xx_HAL_Driver/Src/stm32f4xx_hal_tim_ex.o
                0x08005854                HAL_TIMEx_CommutCallback
 .text.HAL_TIMEx_BreakCallback
                0x08005856        0x2 Drivers/STM32F4xx_HAL_Driver/Src/stm32f4xx_hal_tim_ex.o
                0x08005856                HAL_TIMEx_BreakCallback
 .text.UART_SetConfig
                0x08005858      0x218 Drivers/STM32F4xx_HAL_Driver/Src/stm32f4xx_hal_uart.o
 .text.UART_WaitOnFlagUntilTimeout
                0x08005a70       0x62 Drivers/STM32F4xx_HAL_Driver/Src/stm32f4xx_hal_uart.o
 .text.HAL_UART_Init
                0x08005ad2       0x5e Drivers/STM32F4xx_HAL_Driver/Src/stm32f4xx_hal_uart.o
                0x08005ad2                HAL_UART_Init
 .text.HAL_UART_Transmit
                0x08005b30       0xe2 Drivers/STM32F4xx_HAL_Driver/Src/stm32f4xx_hal_uart.o
                0x08005b30                HAL_UART_Transmit
 .text.HAL_UART_Receive
                0x08005c12       0xe8 Drivers/STM32F4xx_HAL_Driver/Src/stm32f4xx_hal_uart.o
                0x08005c12                HAL_UART_Receive
 .text.FMC_SDRAM_Init
                0x08005cfa       0x78 Drivers/STM32F4xx_HAL_Driver/Src/stm32f4xx_ll_fmc.o
                0x08005cfa                FMC_SDRAM_Init
 .text.FMC_SDRAM_Timing_Init
                0x08005d72       0x96 Drivers/STM32F4xx_HAL_Driver/Src/stm32f4xx_ll_fmc.o
                0x08005d72                FMC_SDRAM_Timing_Init
 .text.FMC_SDRAM_SendCommand
                0x08005e08       0x54 Drivers/STM32F4xx_HAL_Driver/Src/stm32f4xx_ll_fmc.o
                0x08005e08                FMC_SDRAM_SendCommand
 .text.FMC_SDRAM_ProgramRefreshRate
                0x08005e5c        0xc Drivers/STM32F4xx_HAL_Driver/Src/stm32f4xx_ll_fmc.o
                0x08005e5c                FMC_SDRAM_ProgramRefreshRate
 .text.ai_log_err
                0x08005e68       0x24 Src/app_x-cube-ai.o
 .text.ai_boostrap
                0x08005e8c       0xa8 Src/app_x-cube-ai.o
 .text.MX_X_CUBE_AI_Init
                0x08005f34       0x1c Src/app_x-cube-ai.o
                0x08005f34                MX_X_CUBE_AI_Init
 .text.aiInit   0x08005f50       0xa0 Src/app_x-cube-ai.o
                0x08005f50                aiInit
 .text.aiRun    0x08005ff0       0x3c Src/app_x-cube-ai.o
                0x08005ff0                aiRun
 .text.MX_X_CUBE_AI_Process_2
                0x0800602c        0x8 Src/app_x-cube-ai.o
                0x0800602c                MX_X_CUBE_AI_Process_2
 .text.MX_CRC_Init
                0x08006034       0x20 Src/crc.o
                0x08006034                MX_CRC_Init
 .text.HAL_CRC_MspInit
                0x08006054       0x30 Src/crc.o
                0x08006054                HAL_CRC_MspInit
 .text.MX_DMA2D_Init
                0x08006084       0x40 Src/dma2d.o
                0x08006084                MX_DMA2D_Init
 .text.HAL_DMA2D_MspInit
                0x080060c4       0x30 Src/dma2d.o
                0x080060c4                HAL_DMA2D_MspInit
 .text.HAL_FMC_MspInit
                0x080060f4       0xe8 Src/fmc.o
 .text.MX_FMC_Init
                0x080061dc       0x64 Src/fmc.o
                0x080061dc                MX_FMC_Init
 .text.HAL_SDRAM_MspInit
                0x08006240        0x8 Src/fmc.o
                0x08006240                HAL_SDRAM_MspInit
 .text.MX_GPIO_Init
                0x08006248      0x1d4 Src/gpio.o
                0x08006248                MX_GPIO_Init
 .text.MX_I2C3_Init
                0x0800641c       0x5c Src/i2c.o
                0x0800641c                MX_I2C3_Init
 .text.HAL_I2C_MspInit
                0x08006478       0xa8 Src/i2c.o
                0x08006478                HAL_I2C_MspInit
 .text.HAL_I2C_MspDeInit
                0x08006520       0x3c Src/i2c.o
                0x08006520                HAL_I2C_MspDeInit
 .text.MX_LTDC_Init
                0x0800655c      0x100 Src/ltdc.o
                0x0800655c                MX_LTDC_Init
 .text.HAL_LTDC_MspInit
                0x0800665c      0x188 Src/ltdc.o
                0x0800665c                HAL_LTDC_MspInit
 .text.__io_putchar
                0x080067e4       0x24 Src/main.o
                0x080067e4                __io_putchar
 .text.__io_getchar
                0x08006808       0x48 Src/main.o
                0x08006808                __io_getchar
 .text.SystemClock_Config
                0x08006850       0xb4 Src/main.o
                0x08006850                SystemClock_Config
 .text.mnist_game_reset
                0x08006904       0x1e Src/main.o
                0x08006904                mnist_game_reset
 *fill*         0x08006922        0x2 
 .text.user_interface_init
                0x08006924       0x6c Src/main.o
                0x08006924                user_interface_init
 .text.user_interface_reset
                0x08006990       0xa4 Src/main.o
                0x08006990                user_interface_reset
 .text.touch_sensor_init
                0x08006a34       0x30 Src/main.o
                0x08006a34                touch_sensor_init
 .text.main     0x08006a64      0x37c Src/main.o
                0x08006a64                main
 .text.HAL_TIM_PeriodElapsedCallback
                0x08006de0       0x18 Src/main.o
                0x08006de0                HAL_TIM_PeriodElapsedCallback
 .text.Error_Handler
                0x08006df8        0x2 Src/main.o
                0x08006df8                Error_Handler
 *fill*         0x08006dfa        0x2 
 .text.ai_network_get_info
                0x08006dfc       0xa4 Src/network.o
                0x08006dfc                ai_network_get_info
 .text.ai_network_get_error
                0x08006ea0        0x8 Src/network.o
                0x08006ea0                ai_network_get_error
 .text.ai_network_create
                0x08006ea8       0x20 Src/network.o
                0x08006ea8                ai_network_create
 .text.ai_network_destroy
                0x08006ec8        0x8 Src/network.o
                0x08006ec8                ai_network_destroy
 .text.ai_network_init
                0x08006ed0      0x130 Src/network.o
                0x08006ed0                ai_network_init
 .text.ai_network_run
                0x08007000        0x8 Src/network.o
                0x08007000                ai_network_run
 .text.ai_network_data_weights_get
                0x08007008        0x8 Src/network_data.o
                0x08007008                ai_network_data_weights_get
 .text.MX_SPI5_Init
                0x08007010       0x40 Src/spi.o
                0x08007010                MX_SPI5_Init
 .text.HAL_SPI_MspInit
                0x08007050       0x6c Src/spi.o
                0x08007050                HAL_SPI_MspInit
 .text.HAL_SPI_MspDeInit
                0x080070bc       0x30 Src/spi.o
                0x080070bc                HAL_SPI_MspDeInit
 .text.HAL_MspInit
                0x080070ec       0x38 Src/stm32f4xx_hal_msp.o
                0x080070ec                HAL_MspInit
 .text.HAL_InitTick
                0x08007124       0x7c Src/stm32f4xx_hal_timebase_tim.o
                0x08007124                HAL_InitTick
 .text.NMI_Handler
                0x080071a0        0x2 Src/stm32f4xx_it.o
                0x080071a0                NMI_Handler
 .text.HardFault_Handler
                0x080071a2        0x2 Src/stm32f4xx_it.o
                0x080071a2                HardFault_Handler
 .text.MemManage_Handler
                0x080071a4        0x2 Src/stm32f4xx_it.o
                0x080071a4                MemManage_Handler
 .text.BusFault_Handler
                0x080071a6        0x2 Src/stm32f4xx_it.o
                0x080071a6                BusFault_Handler
 .text.UsageFault_Handler
                0x080071a8        0x2 Src/stm32f4xx_it.o
                0x080071a8                UsageFault_Handler
 .text.SVC_Handler
                0x080071aa        0x2 Src/stm32f4xx_it.o
                0x080071aa                SVC_Handler
 .text.DebugMon_Handler
                0x080071ac        0x2 Src/stm32f4xx_it.o
                0x080071ac                DebugMon_Handler
 .text.PendSV_Handler
                0x080071ae        0x2 Src/stm32f4xx_it.o
                0x080071ae                PendSV_Handler
 .text.TIM6_DAC_IRQHandler
                0x080071b0       0x10 Src/stm32f4xx_it.o
                0x080071b0                TIM6_DAC_IRQHandler
 .text._read    0x080071c0       0x1c Src/syscalls.o
                0x080071c0                _read
 .text._write   0x080071dc       0x1c Src/syscalls.o
                0x080071dc                _write
 .text._sbrk    0x080071f8       0x3c Src/syscalls.o
                0x080071f8                _sbrk
 .text._close   0x08007234        0x6 Src/syscalls.o
                0x08007234                _close
 .text._fstat   0x0800723a        0xa Src/syscalls.o
                0x0800723a                _fstat
 .text._isatty  0x08007244        0x4 Src/syscalls.o
                0x08007244                _isatty
 .text._lseek   0x08007248        0x4 Src/syscalls.o
                0x08007248                _lseek
 .text.SystemInit
                0x0800724c       0x1c Src/system_stm32f4xx.o
                0x0800724c                SystemInit
 .text.MX_TIM1_Init
                0x08007268       0x70 Src/tim.o
                0x08007268                MX_TIM1_Init
 .text.HAL_TIM_Base_MspInit
                0x080072d8       0x30 Src/tim.o
                0x080072d8                HAL_TIM_Base_MspInit
 .text.MX_USART1_UART_Init
                0x08007308       0x34 Src/usart.o
                0x08007308                MX_USART1_UART_Init
 .text.HAL_UART_MspInit
                0x0800733c       0x74 Src/usart.o
                0x0800733c                HAL_UART_MspInit
 .text.Reset_Handler
                0x080073b0       0x50 startup/startup_stm32f429xx.o
                0x080073b0                Reset_Handler
 .text.Default_Handler
                0x08007400        0x2 startup/startup_stm32f429xx.o
                0x08007400                RTC_Alarm_IRQHandler
                0x08007400                HASH_RNG_IRQHandler
                0x08007400                EXTI2_IRQHandler
                0x08007400                TIM8_CC_IRQHandler
                0x08007400                UART8_IRQHandler
                0x08007400                SPI4_IRQHandler
                0x08007400                TIM1_CC_IRQHandler
                0x08007400                DMA2_Stream5_IRQHandler
                0x08007400                DMA1_Stream5_IRQHandler
                0x08007400                SysTick_Handler
                0x08007400                PVD_IRQHandler
                0x08007400                SDIO_IRQHandler
                0x08007400                TAMP_STAMP_IRQHandler
                0x08007400                CAN2_RX1_IRQHandler
                0x08007400                EXTI3_IRQHandler
                0x08007400                TIM8_TRG_COM_TIM14_IRQHandler
                0x08007400                TIM1_UP_TIM10_IRQHandler
                0x08007400                TIM8_UP_TIM13_IRQHandler
                0x08007400                I2C3_ER_IRQHandler
                0x08007400                EXTI0_IRQHandler
                0x08007400                I2C2_EV_IRQHandler
                0x08007400                DMA1_Stream2_IRQHandler
                0x08007400                CAN1_RX0_IRQHandler
                0x08007400                FPU_IRQHandler
                0x08007400                OTG_HS_WKUP_IRQHandler
                0x08007400                LTDC_ER_IRQHandler
                0x08007400                CAN2_SCE_IRQHandler
                0x08007400                DMA2_Stream2_IRQHandler
                0x08007400                SPI1_IRQHandler
                0x08007400                TIM1_BRK_TIM9_IRQHandler
                0x08007400                DCMI_IRQHandler
                0x08007400                CAN2_RX0_IRQHandler
                0x08007400                DMA2_Stream3_IRQHandler
                0x08007400                USART6_IRQHandler
                0x08007400                USART3_IRQHandler
                0x08007400                CAN1_RX1_IRQHandler
                0x08007400                UART5_IRQHandler
                0x08007400                DMA2_Stream0_IRQHandler
                0x08007400                TIM4_IRQHandler
                0x08007400                I2C1_EV_IRQHandler
                0x08007400                DMA1_Stream6_IRQHandler
                0x08007400                DMA1_Stream1_IRQHandler
                0x08007400                UART4_IRQHandler
                0x08007400                TIM3_IRQHandler
                0x08007400                RCC_IRQHandler
                0x08007400                TIM8_BRK_TIM12_IRQHandler
                0x08007400                Default_Handler
                0x08007400                EXTI15_10_IRQHandler
                0x08007400                ADC_IRQHandler
                0x08007400                DMA1_Stream7_IRQHandler
                0x08007400                SPI5_IRQHandler
                0x08007400                TIM7_IRQHandler
                0x08007400                CAN2_TX_IRQHandler
                0x08007400                TIM5_IRQHandler
                0x08007400                DMA2_Stream7_IRQHandler
                0x08007400                I2C3_EV_IRQHandler
                0x08007400                EXTI9_5_IRQHandler
                0x08007400                RTC_WKUP_IRQHandler
                0x08007400                LTDC_IRQHandler
                0x08007400                ETH_WKUP_IRQHandler
                0x08007400                SPI2_IRQHandler
                0x08007400                OTG_HS_EP1_IN_IRQHandler
                0x08007400                DMA1_Stream0_IRQHandler
                0x08007400                CAN1_TX_IRQHandler
                0x08007400                EXTI4_IRQHandler
                0x08007400                ETH_IRQHandler
                0x08007400                OTG_HS_EP1_OUT_IRQHandler
                0x08007400                WWDG_IRQHandler
                0x08007400                SPI6_IRQHandler
                0x08007400                TIM2_IRQHandler
                0x08007400                OTG_FS_WKUP_IRQHandler
                0x08007400                TIM1_TRG_COM_TIM11_IRQHandler
                0x08007400                OTG_HS_IRQHandler
                0x08007400                DMA2D_IRQHandler
                0x08007400                EXTI1_IRQHandler
                0x08007400                UART7_IRQHandler
                0x08007400                USART2_IRQHandler
                0x08007400                I2C2_ER_IRQHandler
                0x08007400                DMA2_Stream1_IRQHandler
                0x08007400                CAN1_SCE_IRQHandler
                0x08007400                FLASH_IRQHandler
                0x08007400                DMA2_Stream4_IRQHandler
                0x08007400                USART1_IRQHandler
                0x08007400                OTG_FS_IRQHandler
                0x08007400                SPI3_IRQHandler
                0x08007400                DMA1_Stream4_IRQHandler
                0x08007400                I2C1_ER_IRQHandler
                0x08007400                FMC_IRQHandler
                0x08007400                DMA2_Stream6_IRQHandler
                0x08007400                SAI1_IRQHandler
                0x08007400                DMA1_Stream3_IRQHandler
 .text.unlikely._ai_platform_get_io_buffers_info
                0x08007402       0x9c G:\My Drive\1. EIT Digital master\Estland\Semester 1\ML for ES\IAS0360_lab_excercises\Lab_08\Lab8_1_STM32_MNIST\Middlewares\ST\AI\Lib/NetworkRuntime520_CM4_GCC.a(ai_platform_interface.o)
 .text.unlikely._platform_network_state_setup.isra.1
                0x0800749e       0x3e G:\My Drive\1. EIT Digital master\Estland\Semester 1\ML for ES\IAS0360_lab_excercises\Lab_08\Lab8_1_STM32_MNIST\Middlewares\ST\AI\Lib/NetworkRuntime520_CM4_GCC.a(ai_platform_interface.o)
 .text.ai_platform_runtime_get_revision
                0x080074dc       0x44 G:\My Drive\1. EIT Digital master\Estland\Semester 1\ML for ES\IAS0360_lab_excercises\Lab_08\Lab8_1_STM32_MNIST\Middlewares\ST\AI\Lib/NetworkRuntime520_CM4_GCC.a(ai_platform_interface.o)
                0x080074dc                ai_platform_runtime_get_revision
 .text.ai_platform_runtime_get_version
                0x08007520       0x68 G:\My Drive\1. EIT Digital master\Estland\Semester 1\ML for ES\IAS0360_lab_excercises\Lab_08\Lab8_1_STM32_MNIST\Middlewares\ST\AI\Lib/NetworkRuntime520_CM4_GCC.a(ai_platform_interface.o)
                0x08007520                ai_platform_runtime_get_version
 .text.ai_platform_api_get_version
                0x08007588       0x68 G:\My Drive\1. EIT Digital master\Estland\Semester 1\ML for ES\IAS0360_lab_excercises\Lab_08\Lab8_1_STM32_MNIST\Middlewares\ST\AI\Lib/NetworkRuntime520_CM4_GCC.a(ai_platform_interface.o)
                0x08007588                ai_platform_api_get_version
 .text.ai_platform_interface_api_get_version
                0x080075f0       0x68 G:\My Drive\1. EIT Digital master\Estland\Semester 1\ML for ES\IAS0360_lab_excercises\Lab_08\Lab8_1_STM32_MNIST\Middlewares\ST\AI\Lib/NetworkRuntime520_CM4_GCC.a(ai_platform_interface.o)
                0x080075f0                ai_platform_interface_api_get_version
 .text.ai_platform_context_acquire
                0x08007658       0x54 G:\My Drive\1. EIT Digital master\Estland\Semester 1\ML for ES\IAS0360_lab_excercises\Lab_08\Lab8_1_STM32_MNIST\Middlewares\ST\AI\Lib/NetworkRuntime520_CM4_GCC.a(ai_platform_interface.o)
                0x08007658                ai_platform_context_acquire
 .text.ai_platform_network_get_error
                0x080076ac       0x64 G:\My Drive\1. EIT Digital master\Estland\Semester 1\ML for ES\IAS0360_lab_excercises\Lab_08\Lab8_1_STM32_MNIST\Middlewares\ST\AI\Lib/NetworkRuntime520_CM4_GCC.a(ai_platform_interface.o)
                0x080076ac                ai_platform_network_get_error
 .text.ai_platform_api_get_network_report
                0x08007710      0x1d4 G:\My Drive\1. EIT Digital master\Estland\Semester 1\ML for ES\IAS0360_lab_excercises\Lab_08\Lab8_1_STM32_MNIST\Middlewares\ST\AI\Lib/NetworkRuntime520_CM4_GCC.a(ai_platform_interface.o)
                0x08007710                ai_platform_api_get_network_report
 .text.ai_platform_network_create
                0x080078e4       0xb0 G:\My Drive\1. EIT Digital master\Estland\Semester 1\ML for ES\IAS0360_lab_excercises\Lab_08\Lab8_1_STM32_MNIST\Middlewares\ST\AI\Lib/NetworkRuntime520_CM4_GCC.a(ai_platform_interface.o)
                0x080078e4                ai_platform_network_create
 .text.ai_platform_network_destroy
                0x08007994       0x60 G:\My Drive\1. EIT Digital master\Estland\Semester 1\ML for ES\IAS0360_lab_excercises\Lab_08\Lab8_1_STM32_MNIST\Middlewares\ST\AI\Lib/NetworkRuntime520_CM4_GCC.a(ai_platform_interface.o)
                0x08007994                ai_platform_network_destroy
 .text.ai_platform_network_init
                0x080079f4       0xfc G:\My Drive\1. EIT Digital master\Estland\Semester 1\ML for ES\IAS0360_lab_excercises\Lab_08\Lab8_1_STM32_MNIST\Middlewares\ST\AI\Lib/NetworkRuntime520_CM4_GCC.a(ai_platform_interface.o)
                0x080079f4                ai_platform_network_init
 .text.ai_platform_network_post_init
                0x08007af0       0x90 G:\My Drive\1. EIT Digital master\Estland\Semester 1\ML for ES\IAS0360_lab_excercises\Lab_08\Lab8_1_STM32_MNIST\Middlewares\ST\AI\Lib/NetworkRuntime520_CM4_GCC.a(ai_platform_interface.o)
                0x08007af0                ai_platform_network_post_init
 .text.ai_platform_network_process
                0x08007b80      0x414 G:\My Drive\1. EIT Digital master\Estland\Semester 1\ML for ES\IAS0360_lab_excercises\Lab_08\Lab8_1_STM32_MNIST\Middlewares\ST\AI\Lib/NetworkRuntime520_CM4_GCC.a(ai_platform_interface.o)
                0x08007b80                ai_platform_network_process
 .text.core_init
                0x08007f94        0x4 G:\My Drive\1. EIT Digital master\Estland\Semester 1\ML for ES\IAS0360_lab_excercises\Lab_08\Lab8_1_STM32_MNIST\Middlewares\ST\AI\Lib/NetworkRuntime520_CM4_GCC.a(core_common.o)
                0x08007f94                core_init
 .text.core_get_error
                0x08007f98        0xc G:\My Drive\1. EIT Digital master\Estland\Semester 1\ML for ES\IAS0360_lab_excercises\Lab_08\Lab8_1_STM32_MNIST\Middlewares\ST\AI\Lib/NetworkRuntime520_CM4_GCC.a(core_common.o)
                0x08007f98                core_get_error
 .text.core_set_error
                0x08007fa4       0x18 G:\My Drive\1. EIT Digital master\Estland\Semester 1\ML for ES\IAS0360_lab_excercises\Lab_08\Lab8_1_STM32_MNIST\Middlewares\ST\AI\Lib/NetworkRuntime520_CM4_GCC.a(core_common.o)
                0x08007fa4                core_set_error
 .text.func_dummy
                0x08007fbc        0x4 G:\My Drive\1. EIT Digital master\Estland\Semester 1\ML for ES\IAS0360_lab_excercises\Lab_08\Lab8_1_STM32_MNIST\Middlewares\ST\AI\Lib/NetworkRuntime520_CM4_GCC.a(layers_conv2d_generic_float.o)
 .text.ai_dict8_dot_array_f32
                0x08007fc0      0x19c G:\My Drive\1. EIT Digital master\Estland\Semester 1\ML for ES\IAS0360_lab_excercises\Lab_08\Lab8_1_STM32_MNIST\Middlewares\ST\AI\Lib/NetworkRuntime520_CM4_GCC.a(layers_conv2d_generic_float.o)
                0x08007fc0                ai_dict8_dot_array_f32
 .text.ai_dict4_dot_array_f32
                0x0800815c      0x17c G:\My Drive\1. EIT Digital master\Estland\Semester 1\ML for ES\IAS0360_lab_excercises\Lab_08\Lab8_1_STM32_MNIST\Middlewares\ST\AI\Lib/NetworkRuntime520_CM4_GCC.a(layers_conv2d_generic_float.o)
                0x0800815c                ai_dict4_dot_array_f32
 .text.ai_dict_decompress_f32
                0x080082d8       0xa0 G:\My Drive\1. EIT Digital master\Estland\Semester 1\ML for ES\IAS0360_lab_excercises\Lab_08\Lab8_1_STM32_MNIST\Middlewares\ST\AI\Lib/NetworkRuntime520_CM4_GCC.a(layers_conv2d_generic_float.o)
                0x080082d8                ai_dict_decompress_f32
 .text.forward_conv2d_nl_pool
                0x08008378     0x1234 G:\My Drive\1. EIT Digital master\Estland\Semester 1\ML for ES\IAS0360_lab_excercises\Lab_08\Lab8_1_STM32_MNIST\Middlewares\ST\AI\Lib/NetworkRuntime520_CM4_GCC.a(layers_conv2d_generic_float.o)
                0x08008378                forward_conv2d_nl_pool
 .text.forward_dense
                0x080095ac      0x450 G:\My Drive\1. EIT Digital master\Estland\Semester 1\ML for ES\IAS0360_lab_excercises\Lab_08\Lab8_1_STM32_MNIST\Middlewares\ST\AI\Lib/NetworkRuntime520_CM4_GCC.a(layers_conv2d_generic_float.o)
                0x080095ac                forward_dense
 .text.nl_func_relu_generic_array_f32
                0x080099fc       0xf8 G:\My Drive\1. EIT Digital master\Estland\Semester 1\ML for ES\IAS0360_lab_excercises\Lab_08\Lab8_1_STM32_MNIST\Middlewares\ST\AI\Lib/NetworkRuntime520_CM4_GCC.a(layers_nl_generic_float.o)
                0x080099fc                nl_func_relu_generic_array_f32
 .text.forward_relu
                0x08009af4      0x120 G:\My Drive\1. EIT Digital master\Estland\Semester 1\ML for ES\IAS0360_lab_excercises\Lab_08\Lab8_1_STM32_MNIST\Middlewares\ST\AI\Lib/NetworkRuntime520_CM4_GCC.a(layers_nl_generic_float.o)
                0x08009af4                forward_relu
 .text.forward_sm
                0x08009c14      0x12c G:\My Drive\1. EIT Digital master\Estland\Semester 1\ML for ES\IAS0360_lab_excercises\Lab_08\Lab8_1_STM32_MNIST\Middlewares\ST\AI\Lib/NetworkRuntime520_CM4_GCC.a(layers_nl_generic_float.o)
                0x08009c14                forward_sm
 .text.pool_func_mp_array_f32
                0x08009d40      0x2b8 G:\My Drive\1. EIT Digital master\Estland\Semester 1\ML for ES\IAS0360_lab_excercises\Lab_08\Lab8_1_STM32_MNIST\Middlewares\ST\AI\Lib/NetworkRuntime520_CM4_GCC.a(layers_pool_generic_float.o)
                0x08009d40                pool_func_mp_array_f32
 .text.ai_check_custom_types
                0x08009ff8       0x54 G:\My Drive\1. EIT Digital master\Estland\Semester 1\ML for ES\IAS0360_lab_excercises\Lab_08\Lab8_1_STM32_MNIST\Middlewares\ST\AI\Lib/NetworkRuntime520_CM4_GCC.a(layers.o)
                0x08009ff8                ai_check_custom_types
 .text.ai_layers_forward_all
                0x0800a04c       0x74 G:\My Drive\1. EIT Digital master\Estland\Semester 1\ML for ES\IAS0360_lab_excercises\Lab_08\Lab8_1_STM32_MNIST\Middlewares\ST\AI\Lib/NetworkRuntime520_CM4_GCC.a(layers.o)
                0x0800a04c                ai_layers_forward_all
 .text.ai_array_to_buffer_fmt
                0x0800a0c0       0x98 G:\My Drive\1. EIT Digital master\Estland\Semester 1\ML for ES\IAS0360_lab_excercises\Lab_08\Lab8_1_STM32_MNIST\Middlewares\ST\AI\Lib/NetworkRuntime520_CM4_GCC.a(ai_datatypes_format.o)
                0x0800a0c0                ai_array_to_buffer_fmt
 .text.ai_array_get_byte_size
                0x0800a158       0x44 G:\My Drive\1. EIT Digital master\Estland\Semester 1\ML for ES\IAS0360_lab_excercises\Lab_08\Lab8_1_STM32_MNIST\Middlewares\ST\AI\Lib/NetworkRuntime520_CM4_GCC.a(ai_datatypes_format.o)
                0x0800a158                ai_array_get_byte_size
 .text.expf     0x0800a19c       0xfc c:/ac6/systemworkbench/plugins/fr.ac6.mcu.externaltools.arm-none.win32_1.17.0.201812190825/tools/compiler/bin/../lib/gcc/arm-none-eabi/7.3.1/../../../../arm-none-eabi/lib/thumb/v7e-m/fpv4-sp/hard\libm.a(lib_a-wf_exp.o)
                0x0800a19c                expf
 .text.__ieee754_expf
                0x0800a298      0x1b4 c:/ac6/systemworkbench/plugins/fr.ac6.mcu.externaltools.arm-none.win32_1.17.0.201812190825/tools/compiler/bin/../lib/gcc/arm-none-eabi/7.3.1/../../../../arm-none-eabi/lib/thumb/v7e-m/fpv4-sp/hard\libm.a(lib_a-ef_exp.o)
                0x0800a298                __ieee754_expf
 .text.matherr  0x0800a44c        0x4 c:/ac6/systemworkbench/plugins/fr.ac6.mcu.externaltools.arm-none.win32_1.17.0.201812190825/tools/compiler/bin/../lib/gcc/arm-none-eabi/7.3.1/../../../../arm-none-eabi/lib/thumb/v7e-m/fpv4-sp/hard\libm.a(lib_a-s_matherr.o)
                0x0800a44c                matherr
 .text.finitef  0x0800a450       0x14 c:/ac6/systemworkbench/plugins/fr.ac6.mcu.externaltools.arm-none.win32_1.17.0.201812190825/tools/compiler/bin/../lib/gcc/arm-none-eabi/7.3.1/../../../../arm-none-eabi/lib/thumb/v7e-m/fpv4-sp/hard\libm.a(lib_a-sf_finite.o)
                0x0800a450                finitef
 .text.__errno  0x0800a464        0xc c:/ac6/systemworkbench/plugins/fr.ac6.mcu.externaltools.arm-none.win32_1.17.0.201812190825/tools/compiler/bin/../lib/gcc/arm-none-eabi/7.3.1/../../../../arm-none-eabi/lib/thumb/v7e-m/fpv4-sp/hard\libc_nano.a(lib_a-errno.o)
                0x0800a464                __errno
 .text.__libc_init_array
                0x0800a470       0x48 c:/ac6/systemworkbench/plugins/fr.ac6.mcu.externaltools.arm-none.win32_1.17.0.201812190825/tools/compiler/bin/../lib/gcc/arm-none-eabi/7.3.1/../../../../arm-none-eabi/lib/thumb/v7e-m/fpv4-sp/hard\libc_nano.a(lib_a-init.o)
                0x0800a470                __libc_init_array
 .text.malloc   0x0800a4b8       0x10 c:/ac6/systemworkbench/plugins/fr.ac6.mcu.externaltools.arm-none.win32_1.17.0.201812190825/tools/compiler/bin/../lib/gcc/arm-none-eabi/7.3.1/../../../../arm-none-eabi/lib/thumb/v7e-m/fpv4-sp/hard\libc_nano.a(lib_a-malloc.o)
                0x0800a4b8                malloc
 .text.memcpy   0x0800a4c8       0x16 c:/ac6/systemworkbench/plugins/fr.ac6.mcu.externaltools.arm-none.win32_1.17.0.201812190825/tools/compiler/bin/../lib/gcc/arm-none-eabi/7.3.1/../../../../arm-none-eabi/lib/thumb/v7e-m/fpv4-sp/hard\libc_nano.a(lib_a-memcpy-stub.o)
                0x0800a4c8                memcpy
 .text.memset   0x0800a4de       0x10 c:/ac6/systemworkbench/plugins/fr.ac6.mcu.externaltools.arm-none.win32_1.17.0.201812190825/tools/compiler/bin/../lib/gcc/arm-none-eabi/7.3.1/../../../../arm-none-eabi/lib/thumb/v7e-m/fpv4-sp/hard\libc_nano.a(lib_a-memset.o)
                0x0800a4de                memset
 *fill*         0x0800a4ee        0x2 
 .text._free_r  0x0800a4f0       0x9c c:/ac6/systemworkbench/plugins/fr.ac6.mcu.externaltools.arm-none.win32_1.17.0.201812190825/tools/compiler/bin/../lib/gcc/arm-none-eabi/7.3.1/../../../../arm-none-eabi/lib/thumb/v7e-m/fpv4-sp/hard\libc_nano.a(lib_a-nano-freer.o)
                0x0800a4f0                _free_r
 .text._malloc_r
                0x0800a58c       0xb4 c:/ac6/systemworkbench/plugins/fr.ac6.mcu.externaltools.arm-none.win32_1.17.0.201812190825/tools/compiler/bin/../lib/gcc/arm-none-eabi/7.3.1/../../../../arm-none-eabi/lib/thumb/v7e-m/fpv4-sp/hard\libc_nano.a(lib_a-nano-mallocr.o)
                0x0800a58c                _malloc_r
 .text.__cvt    0x0800a640       0xc2 c:/ac6/systemworkbench/plugins/fr.ac6.mcu.externaltools.arm-none.win32_1.17.0.201812190825/tools/compiler/bin/../lib/gcc/arm-none-eabi/7.3.1/../../../../arm-none-eabi/lib/thumb/v7e-m/fpv4-sp/hard\libc_nano.a(lib_a-nano-vfprintf_float.o)
                0x0800a640                __cvt
 .text.__exponent
                0x0800a702       0x66 c:/ac6/systemworkbench/plugins/fr.ac6.mcu.externaltools.arm-none.win32_1.17.0.201812190825/tools/compiler/bin/../lib/gcc/arm-none-eabi/7.3.1/../../../../arm-none-eabi/lib/thumb/v7e-m/fpv4-sp/hard\libc_nano.a(lib_a-nano-vfprintf_float.o)
                0x0800a702                __exponent
 .text._printf_float
                0x0800a768      0x480 c:/ac6/systemworkbench/plugins/fr.ac6.mcu.externaltools.arm-none.win32_1.17.0.201812190825/tools/compiler/bin/../lib/gcc/arm-none-eabi/7.3.1/../../../../arm-none-eabi/lib/thumb/v7e-m/fpv4-sp/hard\libc_nano.a(lib_a-nano-vfprintf_float.o)
                0x0800a768                _printf_float
 .text._printf_common
                0x0800abe8       0xea c:/ac6/systemworkbench/plugins/fr.ac6.mcu.externaltools.arm-none.win32_1.17.0.201812190825/tools/compiler/bin/../lib/gcc/arm-none-eabi/7.3.1/../../../../arm-none-eabi/lib/thumb/v7e-m/fpv4-sp/hard\libc_nano.a(lib_a-nano-vfprintf_i.o)
                0x0800abe8                _printf_common
 *fill*         0x0800acd2        0x2 
 .text._printf_i
                0x0800acd4      0x224 c:/ac6/systemworkbench/plugins/fr.ac6.mcu.externaltools.arm-none.win32_1.17.0.201812190825/tools/compiler/bin/../lib/gcc/arm-none-eabi/7.3.1/../../../../arm-none-eabi/lib/thumb/v7e-m/fpv4-sp/hard\libc_nano.a(lib_a-nano-vfprintf_i.o)
                0x0800acd4                _printf_i
 .text.printf   0x0800aef8       0x30 c:/ac6/systemworkbench/plugins/fr.ac6.mcu.externaltools.arm-none.win32_1.17.0.201812190825/tools/compiler/bin/../lib/gcc/arm-none-eabi/7.3.1/../../../../arm-none-eabi/lib/thumb/v7e-m/fpv4-sp/hard\libc_nano.a(lib_a-printf.o)
                0x0800aef8                iprintf
                0x0800aef8                printf
 .text._puts_r  0x0800af28       0xb8 c:/ac6/systemworkbench/plugins/fr.ac6.mcu.externaltools.arm-none.win32_1.17.0.201812190825/tools/compiler/bin/../lib/gcc/arm-none-eabi/7.3.1/../../../../arm-none-eabi/lib/thumb/v7e-m/fpv4-sp/hard\libc_nano.a(lib_a-puts.o)
                0x0800af28                _puts_r
 .text.puts     0x0800afe0       0x10 c:/ac6/systemworkbench/plugins/fr.ac6.mcu.externaltools.arm-none.win32_1.17.0.201812190825/tools/compiler/bin/../lib/gcc/arm-none-eabi/7.3.1/../../../../arm-none-eabi/lib/thumb/v7e-m/fpv4-sp/hard\libc_nano.a(lib_a-puts.o)
                0x0800afe0                puts
 .text._sbrk_r  0x0800aff0       0x20 c:/ac6/systemworkbench/plugins/fr.ac6.mcu.externaltools.arm-none.win32_1.17.0.201812190825/tools/compiler/bin/../lib/gcc/arm-none-eabi/7.3.1/../../../../arm-none-eabi/lib/thumb/v7e-m/fpv4-sp/hard\libc_nano.a(lib_a-sbrkr.o)
                0x0800aff0                _sbrk_r
 .text.sprintf  0x0800b010       0x40 c:/ac6/systemworkbench/plugins/fr.ac6.mcu.externaltools.arm-none.win32_1.17.0.201812190825/tools/compiler/bin/../lib/gcc/arm-none-eabi/7.3.1/../../../../arm-none-eabi/lib/thumb/v7e-m/fpv4-sp/hard\libc_nano.a(lib_a-sprintf.o)
                0x0800b010                siprintf
                0x0800b010                sprintf
 .text.__swbuf_r
                0x0800b050       0xa4 c:/ac6/systemworkbench/plugins/fr.ac6.mcu.externaltools.arm-none.win32_1.17.0.201812190825/tools/compiler/bin/../lib/gcc/arm-none-eabi/7.3.1/../../../../arm-none-eabi/lib/thumb/v7e-m/fpv4-sp/hard\libc_nano.a(lib_a-wbuf.o)
                0x0800b050                __swbuf_r
 .text.__swsetup_r
                0x0800b0f4       0xdc c:/ac6/systemworkbench/plugins/fr.ac6.mcu.externaltools.arm-none.win32_1.17.0.201812190825/tools/compiler/bin/../lib/gcc/arm-none-eabi/7.3.1/../../../../arm-none-eabi/lib/thumb/v7e-m/fpv4-sp/hard\libc_nano.a(lib_a-wsetup.o)
                0x0800b0f4                __swsetup_r
 .text.quorem   0x0800b1d0      0x118 c:/ac6/systemworkbench/plugins/fr.ac6.mcu.externaltools.arm-none.win32_1.17.0.201812190825/tools/compiler/bin/../lib/gcc/arm-none-eabi/7.3.1/../../../../arm-none-eabi/lib/thumb/v7e-m/fpv4-sp/hard\libc_nano.a(lib_a-dtoa.o)
 .text._dtoa_r  0x0800b2e8      0xb70 c:/ac6/systemworkbench/plugins/fr.ac6.mcu.externaltools.arm-none.win32_1.17.0.201812190825/tools/compiler/bin/../lib/gcc/arm-none-eabi/7.3.1/../../../../arm-none-eabi/lib/thumb/v7e-m/fpv4-sp/hard\libc_nano.a(lib_a-dtoa.o)
                0x0800b2e8                _dtoa_r
 .text.__sflush_r
                0x0800be58      0x10c c:/ac6/systemworkbench/plugins/fr.ac6.mcu.externaltools.arm-none.win32_1.17.0.201812190825/tools/compiler/bin/../lib/gcc/arm-none-eabi/7.3.1/../../../../arm-none-eabi/lib/thumb/v7e-m/fpv4-sp/hard\libc_nano.a(lib_a-fflush.o)
                0x0800be58                __sflush_r
 .text._fflush_r
                0x0800bf64       0x54 c:/ac6/systemworkbench/plugins/fr.ac6.mcu.externaltools.arm-none.win32_1.17.0.201812190825/tools/compiler/bin/../lib/gcc/arm-none-eabi/7.3.1/../../../../arm-none-eabi/lib/thumb/v7e-m/fpv4-sp/hard\libc_nano.a(lib_a-fflush.o)
                0x0800bf64                _fflush_r
 .text.std      0x0800bfb8       0x48 c:/ac6/systemworkbench/plugins/fr.ac6.mcu.externaltools.arm-none.win32_1.17.0.201812190825/tools/compiler/bin/../lib/gcc/arm-none-eabi/7.3.1/../../../../arm-none-eabi/lib/thumb/v7e-m/fpv4-sp/hard\libc_nano.a(lib_a-findfp.o)
 .text._cleanup_r
                0x0800c000        0xc c:/ac6/systemworkbench/plugins/fr.ac6.mcu.externaltools.arm-none.win32_1.17.0.201812190825/tools/compiler/bin/../lib/gcc/arm-none-eabi/7.3.1/../../../../arm-none-eabi/lib/thumb/v7e-m/fpv4-sp/hard\libc_nano.a(lib_a-findfp.o)
                0x0800c000                _cleanup_r
 .text.__sfmoreglue
                0x0800c00c       0x2c c:/ac6/systemworkbench/plugins/fr.ac6.mcu.externaltools.arm-none.win32_1.17.0.201812190825/tools/compiler/bin/../lib/gcc/arm-none-eabi/7.3.1/../../../../arm-none-eabi/lib/thumb/v7e-m/fpv4-sp/hard\libc_nano.a(lib_a-findfp.o)
                0x0800c00c                __sfmoreglue
 .text.__sinit  0x0800c038       0x60 c:/ac6/systemworkbench/plugins/fr.ac6.mcu.externaltools.arm-none.win32_1.17.0.201812190825/tools/compiler/bin/../lib/gcc/arm-none-eabi/7.3.1/../../../../arm-none-eabi/lib/thumb/v7e-m/fpv4-sp/hard\libc_nano.a(lib_a-findfp.o)
                0x0800c038                __sinit
 .text.__sfp    0x0800c098       0x78 c:/ac6/systemworkbench/plugins/fr.ac6.mcu.externaltools.arm-none.win32_1.17.0.201812190825/tools/compiler/bin/../lib/gcc/arm-none-eabi/7.3.1/../../../../arm-none-eabi/lib/thumb/v7e-m/fpv4-sp/hard\libc_nano.a(lib_a-findfp.o)
                0x0800c098                __sfp
 .text._fwalk_reent
                0x0800c110       0x3c c:/ac6/systemworkbench/plugins/fr.ac6.mcu.externaltools.arm-none.win32_1.17.0.201812190825/tools/compiler/bin/../lib/gcc/arm-none-eabi/7.3.1/../../../../arm-none-eabi/lib/thumb/v7e-m/fpv4-sp/hard\libc_nano.a(lib_a-fwalk.o)
                0x0800c110                _fwalk_reent
 .text._localeconv_r
                0x0800c14c       0x1c c:/ac6/systemworkbench/plugins/fr.ac6.mcu.externaltools.arm-none.win32_1.17.0.201812190825/tools/compiler/bin/../lib/gcc/arm-none-eabi/7.3.1/../../../../arm-none-eabi/lib/thumb/v7e-m/fpv4-sp/hard\libc_nano.a(lib_a-localeconv.o)
                0x0800c14c                _localeconv_r
 .text.__swhatbuf_r
                0x0800c168       0x48 c:/ac6/systemworkbench/plugins/fr.ac6.mcu.externaltools.arm-none.win32_1.17.0.201812190825/tools/compiler/bin/../lib/gcc/arm-none-eabi/7.3.1/../../../../arm-none-eabi/lib/thumb/v7e-m/fpv4-sp/hard\libc_nano.a(lib_a-makebuf.o)
                0x0800c168                __swhatbuf_r
 .text.__smakebuf_r
                0x0800c1b0       0x80 c:/ac6/systemworkbench/plugins/fr.ac6.mcu.externaltools.arm-none.win32_1.17.0.201812190825/tools/compiler/bin/../lib/gcc/arm-none-eabi/7.3.1/../../../../arm-none-eabi/lib/thumb/v7e-m/fpv4-sp/hard\libc_nano.a(lib_a-makebuf.o)
                0x0800c1b0                __smakebuf_r
 .text.__malloc_lock
                0x0800c230        0x2 c:/ac6/systemworkbench/plugins/fr.ac6.mcu.externaltools.arm-none.win32_1.17.0.201812190825/tools/compiler/bin/../lib/gcc/arm-none-eabi/7.3.1/../../../../arm-none-eabi/lib/thumb/v7e-m/fpv4-sp/hard\libc_nano.a(lib_a-mlock.o)
                0x0800c230                __malloc_lock
 .text.__malloc_unlock
                0x0800c232        0x2 c:/ac6/systemworkbench/plugins/fr.ac6.mcu.externaltools.arm-none.win32_1.17.0.201812190825/tools/compiler/bin/../lib/gcc/arm-none-eabi/7.3.1/../../../../arm-none-eabi/lib/thumb/v7e-m/fpv4-sp/hard\libc_nano.a(lib_a-mlock.o)
                0x0800c232                __malloc_unlock
 .text._Balloc  0x0800c234       0x68 c:/ac6/systemworkbench/plugins/fr.ac6.mcu.externaltools.arm-none.win32_1.17.0.201812190825/tools/compiler/bin/../lib/gcc/arm-none-eabi/7.3.1/../../../../arm-none-eabi/lib/thumb/v7e-m/fpv4-sp/hard\libc_nano.a(lib_a-mprec.o)
                0x0800c234                _Balloc
 .text._Bfree   0x0800c29c       0x2e c:/ac6/systemworkbench/plugins/fr.ac6.mcu.externaltools.arm-none.win32_1.17.0.201812190825/tools/compiler/bin/../lib/gcc/arm-none-eabi/7.3.1/../../../../arm-none-eabi/lib/thumb/v7e-m/fpv4-sp/hard\libc_nano.a(lib_a-mprec.o)
                0x0800c29c                _Bfree
 .text.__multadd
                0x0800c2ca       0x76 c:/ac6/systemworkbench/plugins/fr.ac6.mcu.externaltools.arm-none.win32_1.17.0.201812190825/tools/compiler/bin/../lib/gcc/arm-none-eabi/7.3.1/../../../../arm-none-eabi/lib/thumb/v7e-m/fpv4-sp/hard\libc_nano.a(lib_a-mprec.o)
                0x0800c2ca                __multadd
 .text.__hi0bits
                0x0800c340       0x3e c:/ac6/systemworkbench/plugins/fr.ac6.mcu.externaltools.arm-none.win32_1.17.0.201812190825/tools/compiler/bin/../lib/gcc/arm-none-eabi/7.3.1/../../../../arm-none-eabi/lib/thumb/v7e-m/fpv4-sp/hard\libc_nano.a(lib_a-mprec.o)
                0x0800c340                __hi0bits
 .text.__lo0bits
                0x0800c37e       0x5e c:/ac6/systemworkbench/plugins/fr.ac6.mcu.externaltools.arm-none.win32_1.17.0.201812190825/tools/compiler/bin/../lib/gcc/arm-none-eabi/7.3.1/../../../../arm-none-eabi/lib/thumb/v7e-m/fpv4-sp/hard\libc_nano.a(lib_a-mprec.o)
                0x0800c37e                __lo0bits
 .text.__i2b    0x0800c3dc       0x12 c:/ac6/systemworkbench/plugins/fr.ac6.mcu.externaltools.arm-none.win32_1.17.0.201812190825/tools/compiler/bin/../lib/gcc/arm-none-eabi/7.3.1/../../../../arm-none-eabi/lib/thumb/v7e-m/fpv4-sp/hard\libc_nano.a(lib_a-mprec.o)
                0x0800c3dc                __i2b
 .text.__multiply
                0x0800c3ee      0x12c c:/ac6/systemworkbench/plugins/fr.ac6.mcu.externaltools.arm-none.win32_1.17.0.201812190825/tools/compiler/bin/../lib/gcc/arm-none-eabi/7.3.1/../../../../arm-none-eabi/lib/thumb/v7e-m/fpv4-sp/hard\libc_nano.a(lib_a-mprec.o)
                0x0800c3ee                __multiply
 *fill*         0x0800c51a        0x2 
 .text.__pow5mult
                0x0800c51c       0x9c c:/ac6/systemworkbench/plugins/fr.ac6.mcu.externaltools.arm-none.win32_1.17.0.201812190825/tools/compiler/bin/../lib/gcc/arm-none-eabi/7.3.1/../../../../arm-none-eabi/lib/thumb/v7e-m/fpv4-sp/hard\libc_nano.a(lib_a-mprec.o)
                0x0800c51c                __pow5mult
 .text.__lshift
                0x0800c5b8       0xa8 c:/ac6/systemworkbench/plugins/fr.ac6.mcu.externaltools.arm-none.win32_1.17.0.201812190825/tools/compiler/bin/../lib/gcc/arm-none-eabi/7.3.1/../../../../arm-none-eabi/lib/thumb/v7e-m/fpv4-sp/hard\libc_nano.a(lib_a-mprec.o)
                0x0800c5b8                __lshift
 .text.__mcmp   0x0800c660       0x34 c:/ac6/systemworkbench/plugins/fr.ac6.mcu.externaltools.arm-none.win32_1.17.0.201812190825/tools/compiler/bin/../lib/gcc/arm-none-eabi/7.3.1/../../../../arm-none-eabi/lib/thumb/v7e-m/fpv4-sp/hard\libc_nano.a(lib_a-mprec.o)
                0x0800c660                __mcmp
 .text.__mdiff  0x0800c694       0xba c:/ac6/systemworkbench/plugins/fr.ac6.mcu.externaltools.arm-none.win32_1.17.0.201812190825/tools/compiler/bin/../lib/gcc/arm-none-eabi/7.3.1/../../../../arm-none-eabi/lib/thumb/v7e-m/fpv4-sp/hard\libc_nano.a(lib_a-mprec.o)
                0x0800c694                __mdiff
 .text.__d2b    0x0800c74e       0x9e c:/ac6/systemworkbench/plugins/fr.ac6.mcu.externaltools.arm-none.win32_1.17.0.201812190825/tools/compiler/bin/../lib/gcc/arm-none-eabi/7.3.1/../../../../arm-none-eabi/lib/thumb/v7e-m/fpv4-sp/hard\libc_nano.a(lib_a-mprec.o)
                0x0800c74e                __d2b
 .text._calloc_r
                0x0800c7ec       0x1c c:/ac6/systemworkbench/plugins/fr.ac6.mcu.externaltools.arm-none.win32_1.17.0.201812190825/tools/compiler/bin/../lib/gcc/arm-none-eabi/7.3.1/../../../../arm-none-eabi/lib/thumb/v7e-m/fpv4-sp/hard\libc_nano.a(lib_a-nano-callocr.o)
                0x0800c7ec                _calloc_r
 .text._realloc_r
                0x0800c808       0x4c c:/ac6/systemworkbench/plugins/fr.ac6.mcu.externaltools.arm-none.win32_1.17.0.201812190825/tools/compiler/bin/../lib/gcc/arm-none-eabi/7.3.1/../../../../arm-none-eabi/lib/thumb/v7e-m/fpv4-sp/hard\libc_nano.a(lib_a-nano-reallocr.o)
                0x0800c808                _realloc_r
 .text.__ssputs_r
                0x0800c854       0xb4 c:/ac6/systemworkbench/plugins/fr.ac6.mcu.externaltools.arm-none.win32_1.17.0.201812190825/tools/compiler/bin/../lib/gcc/arm-none-eabi/7.3.1/../../../../arm-none-eabi/lib/thumb/v7e-m/fpv4-sp/hard\libc_nano.a(lib_a-nano-svfprintf.o)
                0x0800c854                __ssputs_r
 .text._svfprintf_r
                0x0800c908      0x1f0 c:/ac6/systemworkbench/plugins/fr.ac6.mcu.externaltools.arm-none.win32_1.17.0.201812190825/tools/compiler/bin/../lib/gcc/arm-none-eabi/7.3.1/../../../../arm-none-eabi/lib/thumb/v7e-m/fpv4-sp/hard\libc_nano.a(lib_a-nano-svfprintf.o)
                0x0800c908                _svfiprintf_r
                0x0800c908                _svfprintf_r
 .text.__sfputc_r
                0x0800caf8       0x2e c:/ac6/systemworkbench/plugins/fr.ac6.mcu.externaltools.arm-none.win32_1.17.0.201812190825/tools/compiler/bin/../lib/gcc/arm-none-eabi/7.3.1/../../../../arm-none-eabi/lib/thumb/v7e-m/fpv4-sp/hard\libc_nano.a(lib_a-nano-vfprintf.o)
 .text.__sfputs_r
                0x0800cb26       0x24 c:/ac6/systemworkbench/plugins/fr.ac6.mcu.externaltools.arm-none.win32_1.17.0.201812190825/tools/compiler/bin/../lib/gcc/arm-none-eabi/7.3.1/../../../../arm-none-eabi/lib/thumb/v7e-m/fpv4-sp/hard\libc_nano.a(lib_a-nano-vfprintf.o)
                0x0800cb26                __sfputs_r
 *fill*         0x0800cb4a        0x2 
 .text._vfprintf_r
                0x0800cb4c      0x22c c:/ac6/systemworkbench/plugins/fr.ac6.mcu.externaltools.arm-none.win32_1.17.0.201812190825/tools/compiler/bin/../lib/gcc/arm-none-eabi/7.3.1/../../../../arm-none-eabi/lib/thumb/v7e-m/fpv4-sp/hard\libc_nano.a(lib_a-nano-vfprintf.o)
                0x0800cb4c                _vfprintf_r
                0x0800cb4c                _vfiprintf_r
 .text.__sread  0x0800cd78       0x22 c:/ac6/systemworkbench/plugins/fr.ac6.mcu.externaltools.arm-none.win32_1.17.0.201812190825/tools/compiler/bin/../lib/gcc/arm-none-eabi/7.3.1/../../../../arm-none-eabi/lib/thumb/v7e-m/fpv4-sp/hard\libc_nano.a(lib_a-stdio.o)
                0x0800cd78                __sread
 .text.__swrite
                0x0800cd9a       0x38 c:/ac6/systemworkbench/plugins/fr.ac6.mcu.externaltools.arm-none.win32_1.17.0.201812190825/tools/compiler/bin/../lib/gcc/arm-none-eabi/7.3.1/../../../../arm-none-eabi/lib/thumb/v7e-m/fpv4-sp/hard\libc_nano.a(lib_a-stdio.o)
                0x0800cd9a                __swrite
 .text.__sseek  0x0800cdd2       0x24 c:/ac6/systemworkbench/plugins/fr.ac6.mcu.externaltools.arm-none.win32_1.17.0.201812190825/tools/compiler/bin/../lib/gcc/arm-none-eabi/7.3.1/../../../../arm-none-eabi/lib/thumb/v7e-m/fpv4-sp/hard\libc_nano.a(lib_a-stdio.o)
                0x0800cdd2                __sseek
 .text.__sclose
                0x0800cdf6        0x8 c:/ac6/systemworkbench/plugins/fr.ac6.mcu.externaltools.arm-none.win32_1.17.0.201812190825/tools/compiler/bin/../lib/gcc/arm-none-eabi/7.3.1/../../../../arm-none-eabi/lib/thumb/v7e-m/fpv4-sp/hard\libc_nano.a(lib_a-stdio.o)
                0x0800cdf6                __sclose
 *fill*         0x0800cdfe        0x2 
 .text._write_r
                0x0800ce00       0x24 c:/ac6/systemworkbench/plugins/fr.ac6.mcu.externaltools.arm-none.win32_1.17.0.201812190825/tools/compiler/bin/../lib/gcc/arm-none-eabi/7.3.1/../../../../arm-none-eabi/lib/thumb/v7e-m/fpv4-sp/hard\libc_nano.a(lib_a-writer.o)
                0x0800ce00                _write_r
 .text._close_r
                0x0800ce24       0x20 c:/ac6/systemworkbench/plugins/fr.ac6.mcu.externaltools.arm-none.win32_1.17.0.201812190825/tools/compiler/bin/../lib/gcc/arm-none-eabi/7.3.1/../../../../arm-none-eabi/lib/thumb/v7e-m/fpv4-sp/hard\libc_nano.a(lib_a-closer.o)
                0x0800ce24                _close_r
 .text._fstat_r
                0x0800ce44       0x24 c:/ac6/systemworkbench/plugins/fr.ac6.mcu.externaltools.arm-none.win32_1.17.0.201812190825/tools/compiler/bin/../lib/gcc/arm-none-eabi/7.3.1/../../../../arm-none-eabi/lib/thumb/v7e-m/fpv4-sp/hard\libc_nano.a(lib_a-fstatr.o)
                0x0800ce44                _fstat_r
 .text._isatty_r
                0x0800ce68       0x20 c:/ac6/systemworkbench/plugins/fr.ac6.mcu.externaltools.arm-none.win32_1.17.0.201812190825/tools/compiler/bin/../lib/gcc/arm-none-eabi/7.3.1/../../../../arm-none-eabi/lib/thumb/v7e-m/fpv4-sp/hard\libc_nano.a(lib_a-isattyr.o)
                0x0800ce68                _isatty_r
 .text._lseek_r
                0x0800ce88       0x24 c:/ac6/systemworkbench/plugins/fr.ac6.mcu.externaltools.arm-none.win32_1.17.0.201812190825/tools/compiler/bin/../lib/gcc/arm-none-eabi/7.3.1/../../../../arm-none-eabi/lib/thumb/v7e-m/fpv4-sp/hard\libc_nano.a(lib_a-lseekr.o)
                0x0800ce88                _lseek_r
 .text.__ascii_mbtowc
                0x0800ceac       0x24 c:/ac6/systemworkbench/plugins/fr.ac6.mcu.externaltools.arm-none.win32_1.17.0.201812190825/tools/compiler/bin/../lib/gcc/arm-none-eabi/7.3.1/../../../../arm-none-eabi/lib/thumb/v7e-m/fpv4-sp/hard\libc_nano.a(lib_a-mbtowc_r.o)
                0x0800ceac                __ascii_mbtowc
 .text.memmove  0x0800ced0       0x32 c:/ac6/systemworkbench/plugins/fr.ac6.mcu.externaltools.arm-none.win32_1.17.0.201812190825/tools/compiler/bin/../lib/gcc/arm-none-eabi/7.3.1/../../../../arm-none-eabi/lib/thumb/v7e-m/fpv4-sp/hard\libc_nano.a(lib_a-memmove.o)
                0x0800ced0                memmove
 .text._malloc_usable_size_r
                0x0800cf02       0x10 c:/ac6/systemworkbench/plugins/fr.ac6.mcu.externaltools.arm-none.win32_1.17.0.201812190825/tools/compiler/bin/../lib/gcc/arm-none-eabi/7.3.1/../../../../arm-none-eabi/lib/thumb/v7e-m/fpv4-sp/hard\libc_nano.a(lib_a-nano-msizer.o)
                0x0800cf02                _malloc_usable_size_r
 *fill*         0x0800cf12        0x2 
 .text._read_r  0x0800cf14       0x24 c:/ac6/systemworkbench/plugins/fr.ac6.mcu.externaltools.arm-none.win32_1.17.0.201812190825/tools/compiler/bin/../lib/gcc/arm-none-eabi/7.3.1/../../../../arm-none-eabi/lib/thumb/v7e-m/fpv4-sp/hard\libc_nano.a(lib_a-readr.o)
                0x0800cf14                _read_r
 .text.__ascii_wctomb
                0x0800cf38       0x1a c:/ac6/systemworkbench/plugins/fr.ac6.mcu.externaltools.arm-none.win32_1.17.0.201812190825/tools/compiler/bin/../lib/gcc/arm-none-eabi/7.3.1/../../../../arm-none-eabi/lib/thumb/v7e-m/fpv4-sp/hard\libc_nano.a(lib_a-wctomb_r.o)
                0x0800cf38                __ascii_wctomb
 *(.glue_7)
 .glue_7        0x0800cf52        0x0 linker stubs
 *(.glue_7t)
 .glue_7t       0x0800cf52        0x0 linker stubs
 *(.eh_frame)
 *fill*         0x0800cf52        0x2 
 .eh_frame      0x0800cf54        0x0 c:/ac6/systemworkbench/plugins/fr.ac6.mcu.externaltools.arm-none.win32_1.17.0.201812190825/tools/compiler/bin/../lib/gcc/arm-none-eabi/7.3.1/thumb/v7e-m/fpv4-sp/hard/crtbegin.o
 *(.init)
 .init          0x0800cf54        0x4 c:/ac6/systemworkbench/plugins/fr.ac6.mcu.externaltools.arm-none.win32_1.17.0.201812190825/tools/compiler/bin/../lib/gcc/arm-none-eabi/7.3.1/thumb/v7e-m/fpv4-sp/hard/crti.o
                0x0800cf54                _init
 .init          0x0800cf58        0x8 c:/ac6/systemworkbench/plugins/fr.ac6.mcu.externaltools.arm-none.win32_1.17.0.201812190825/tools/compiler/bin/../lib/gcc/arm-none-eabi/7.3.1/thumb/v7e-m/fpv4-sp/hard/crtn.o
 *(.fini)
 .fini          0x0800cf60        0x4 c:/ac6/systemworkbench/plugins/fr.ac6.mcu.externaltools.arm-none.win32_1.17.0.201812190825/tools/compiler/bin/../lib/gcc/arm-none-eabi/7.3.1/thumb/v7e-m/fpv4-sp/hard/crti.o
                0x0800cf60                _fini
 .fini          0x0800cf64        0x8 c:/ac6/systemworkbench/plugins/fr.ac6.mcu.externaltools.arm-none.win32_1.17.0.201812190825/tools/compiler/bin/../lib/gcc/arm-none-eabi/7.3.1/thumb/v7e-m/fpv4-sp/hard/crtn.o
                0x0800cf6c                . = ALIGN (0x4)
                0x0800cf6c                _etext = .

.vfp11_veneer   0x0800cf6c        0x0
 .vfp11_veneer  0x0800cf6c        0x0 linker stubs

.v4_bx          0x0800cf6c        0x0
 .v4_bx         0x0800cf6c        0x0 linker stubs

.iplt           0x0800cf6c        0x0
 .iplt          0x0800cf6c        0x0 c:/ac6/systemworkbench/plugins/fr.ac6.mcu.externaltools.arm-none.win32_1.17.0.201812190825/tools/compiler/bin/../lib/gcc/arm-none-eabi/7.3.1/thumb/v7e-m/fpv4-sp/hard/crtbegin.o

.rodata         0x0800cf70     0x4ea0
                0x0800cf70                . = ALIGN (0x4)
 *(.rodata)
 .rodata        0x0800cf70     0x3cdc Drivers/BSP/STM32F429I-Discovery/stm32f429i_discovery_lcd.o
                0x0800cf70                Font8_Table
                0x0800d268                Font12_Table
                0x0800d6dc                Font16_Table
                0x0800e2bc                Font20_Table
                0x0800f194                Font24_Table
 .rodata        0x08010c4c        0x8 Drivers/STM32F4xx_HAL_Driver/Src/stm32f4xx_hal_dma.o
 .rodata        0x08010c54       0x84 Src/network.o
 .rodata        0x08010cd8      0xb0c Src/network_data.o
 .rodata        0x080117e4       0x18 Src/system_stm32f4xx.o
                0x080117e4                AHBPrescTable
                0x080117f4                APBPrescTable
 .rodata        0x080117fc        0x4 G:\My Drive\1. EIT Digital master\Estland\Semester 1\ML for ES\IAS0360_lab_excercises\Lab_08\Lab8_1_STM32_MNIST\Middlewares\ST\AI\Lib/NetworkRuntime520_CM4_GCC.a(layers.o)
 *(.rodata*)
 .rodata.str1.4
                0x08011800      0x162 Src/app_x-cube-ai.o
 *fill*         0x08011962        0x2 
 .rodata.str1.4
                0x08011964      0x14e Src/main.o
 *fill*         0x08011ab2        0x2 
 .rodata.str1.4
                0x08011ab4       0x6c Src/network.o
 .rodata.ai_platform_runtime_get_revision.str1.4
                0x08011b20       0x6c G:\My Drive\1. EIT Digital master\Estland\Semester 1\ML for ES\IAS0360_lab_excercises\Lab_08\Lab8_1_STM32_MNIST\Middlewares\ST\AI\Lib/NetworkRuntime520_CM4_GCC.a(ai_platform_interface.o)
                                  0x1 (size before relaxing)
 .rodata.v.8526
                0x08011b20        0x4 G:\My Drive\1. EIT Digital master\Estland\Semester 1\ML for ES\IAS0360_lab_excercises\Lab_08\Lab8_1_STM32_MNIST\Middlewares\ST\AI\Lib/NetworkRuntime520_CM4_GCC.a(ai_platform_interface.o)
 .rodata.v.8530
                0x08011b24        0x4 G:\My Drive\1. EIT Digital master\Estland\Semester 1\ML for ES\IAS0360_lab_excercises\Lab_08\Lab8_1_STM32_MNIST\Middlewares\ST\AI\Lib/NetworkRuntime520_CM4_GCC.a(ai_platform_interface.o)
 .rodata.v.8534
                0x08011b28        0x4 G:\My Drive\1. EIT Digital master\Estland\Semester 1\ML for ES\IAS0360_lab_excercises\Lab_08\Lab8_1_STM32_MNIST\Middlewares\ST\AI\Lib/NetworkRuntime520_CM4_GCC.a(ai_platform_interface.o)
 .rodata.expf.str1.4
                0x08011b2c        0x8 c:/ac6/systemworkbench/plugins/fr.ac6.mcu.externaltools.arm-none.win32_1.17.0.201812190825/tools/compiler/bin/../lib/gcc/arm-none-eabi/7.3.1/../../../../arm-none-eabi/lib/thumb/v7e-m/fpv4-sp/hard\libm.a(lib_a-wf_exp.o)
                                  0x5 (size before relaxing)
 .rodata.halF   0x08011b34        0x8 c:/ac6/systemworkbench/plugins/fr.ac6.mcu.externaltools.arm-none.win32_1.17.0.201812190825/tools/compiler/bin/../lib/gcc/arm-none-eabi/7.3.1/../../../../arm-none-eabi/lib/thumb/v7e-m/fpv4-sp/hard\libm.a(lib_a-ef_exp.o)
 .rodata.ln2HI  0x08011b3c        0x8 c:/ac6/systemworkbench/plugins/fr.ac6.mcu.externaltools.arm-none.win32_1.17.0.201812190825/tools/compiler/bin/../lib/gcc/arm-none-eabi/7.3.1/../../../../arm-none-eabi/lib/thumb/v7e-m/fpv4-sp/hard\libm.a(lib_a-ef_exp.o)
 .rodata.ln2LO  0x08011b44        0x8 c:/ac6/systemworkbench/plugins/fr.ac6.mcu.externaltools.arm-none.win32_1.17.0.201812190825/tools/compiler/bin/../lib/gcc/arm-none-eabi/7.3.1/../../../../arm-none-eabi/lib/thumb/v7e-m/fpv4-sp/hard\libm.a(lib_a-ef_exp.o)
 .rodata._global_impure_ptr